142.254.1.233 - - [14/May/2014:00:31:43 +0000] "GET /about/ HTTP/1.1" 200 1926 "http://wikipediaviews.subwiki.org/multipleyears.php" "Mozilla/5.0 (Windows NT 6.3; WOW64; rv:29.0) Gecko/20100101 Firefox/29.0"
142.254.1.233 - - [14/May/2014:00:32:32 +0000] "GET /multipleyears.php HTTP/1.1" 200 1652 "http://wikipediaviews.subwiki.org/displayviewsformultipleyears.php" "Mozilla/5.0 (Windows NT 6.3; WOW64; rv:29.0) Gecko/20100101 Firefox/29.0"
142.254.1.233 - - [14/May/2014:00:32:42 +0000] "GET / HTTP/1.1" 200 2354 "http://wikipediaviews.subwiki.org/multipleyears.php" "Mozilla/5.0 (Windows NT 6.3; WOW64; rv:29.0) Gecko/20100101 Firefox/29.0"
142.254.1.233 - - [14/May/2014:00:33:11 +0000] "POST /displayviewsforonemonth.php HTTP/1.1" 200 246 "http://wikipediaviews.subwiki.org/" "Mozilla/5.0 (Windows NT 6.3; WOW64; rv:29.0) Gecko/20100101 Firefox/29.0"
142.254.1.233 - - [14/May/2014:00:33:14 +0000] "GET / HTTP/1.1" 200 2354 "http://wikipediaviews.subwiki.org/displayviewsforonemonth.php" "Mozilla/5.0 (Windows NT 6.3; WOW64; rv:29.0) Gecko/20100101 Firefox/29.0"
142.254.1.233 - - [14/May/2014:00:33:28 +0000] "POST /displayviewsforonemonth.php HTTP/1.1" 200 546 "http://wikipediaviews.subwiki.org/" "Mozilla/5.0 (Windows NT 6.3; WOW64; rv:29.0) Gecko/20100101 Firefox/29.0"
142.254.1.233 - - [14/May/2014:00:41:02 +0000] "GET / HTTP/1.1" 200 2354 "-" "Mozilla/5.0 (Windows NT 6.3; WOW64; rv:29.0) Gecko/20100101 Firefox/29.0"
142.254.1.233 - - [14/May/2014:00:43:58 +0000] "GET / HTTP/1.1" 200 2359 "-" "Mozilla/5.0 (Windows NT 6.3; WOW64; rv:29.0) Gecko/20100101 Firefox/29.0"
142.254.1.233 - - [14/May/2014:00:56:55 +0000] "POST /displayviewsforonemonth.php HTTP/1.1" 200 562 "http://wikipediaviews.subwiki.org/" "Mozilla/5.0 (Windows NT 6.3; WOW64; rv:29.0) Gecko/20100101 Firefox/29.0"
142.254.1.233 - - [14/May/2014:00:57:05 +0000] "POST /displayviewsforonemonth.php HTTP/1.1" 200 562 "http://wikipediaviews.subwiki.org/" "Mozilla/5.0 (Windows NT 6.3; WOW64; rv:29.0) Gecko/20100101 Firefox/29.0"
142.254.1.233 - - [14/May/2014:00:57:15 +0000] "GET /multiplemonths.php HTTP/1.1" 200 2546 "http://wikipediaviews.subwiki.org/" "Mozilla/5.0 (Windows NT 6.3; WOW64; rv:29.0) Gecko/20100101 Firefox/29.0"
142.254.1.233 - - [14/May/2014:00:57:36 +0000] "POST /displayviewsformultiplemonths.php HTTP/1.1" 200 784 "http://wikipediaviews.subwiki.org/multiplemonths.php" "Mozilla/5.0 (Windows NT 6.3; WOW64; rv:29.0) Gecko/20100101 Firefox/29.0"
142.254.1.233 - - [14/May/2014:00:58:16 +0000] "GET /multipleyears.php HTTP/1.1" 200 1658 "http://wikipediaviews.subwiki.org/multiplemonths.php" "Mozilla/5.0 (Windows NT 6.3; WOW64; rv:29.0) Gecko/20100101 Firefox/29.0"
142.254.1.233 - - [14/May/2014:00:59:27 +0000] "POST /displayviewsformultipleyears.php HTTP/1.1" 504 182 "http://wikipediaviews.subwiki.org/multipleyears.php" "Mozilla/5.0 (Windows NT 6.3; WOW64; rv:29.0) Gecko/20100101 Firefox/29.0"
142.254.1.233 - - [14/May/2014:00:59:44 +0000] "POST /displayviewsformultipleyears.php HTTP/1.1" 200 622 "http://wikipediaviews.subwiki.org/multipleyears.php" "Mozilla/5.0 (Windows NT 6.3; WOW64; rv:29.0) Gecko/20100101 Firefox/29.0"
142.254.1.233 - - [14/May/2014:01:03:06 +0000] "POST /displayviewsformultipleyears.php HTTP/1.1" 504 182 "http://wikipediaviews.subwiki.org/multipleyears.php" "Mozilla/5.0 (Windows NT 6.3; WOW64; rv:29.0) Gecko/20100101 Firefox/29.0"
142.254.1.233 - - [14/May/2014:01:03:14 +0000] "POST /displayviewsformultipleyears.php HTTP/1.1" 200 497 "http://wikipediaviews.subwiki.org/multipleyears.php" "Mozilla/5.0 (Windows NT 6.3; WOW64; rv:29.0) Gecko/20100101 Firefox/29.0"
142.254.1.233 - - [14/May/2014:01:04:12 +0000] "POST /displayviewsformultipleyears.php HTTP/1.1" 200 475 "http://wikipediaviews.subwiki.org/multipleyears.php" "Mozilla/5.0 (Windows NT 6.3; WOW64; rv:29.0) Gecko/20100101 Firefox/29.0"
142.254.1.233 - - [14/May/2014:01:08:23 +0000] "POST /displayviewsforonemonth.php HTTP/1.1" 200 462 "http://wikipediaviews.subwiki.org/" "Mozilla/5.0 (Windows NT 6.3; WOW64; rv:29.0) Gecko/20100101 Firefox/29.0"
142.254.1.233 - - [14/May/2014:01:08:29 +0000] "GET / HTTP/1.1" 200 2359 "-" "Mozilla/5.0 (Windows NT 6.3; WOW64; rv:29.0) Gecko/20100101 Firefox/29.0"
142.254.1.233 - - [14/May/2014:01:12:08 +0000] "GET / HTTP/1.1" 200 2363 "-" "Mozilla/5.0 (Windows NT 6.3; WOW64; rv:29.0) Gecko/20100101 Firefox/29.0"
142.254.1.233 - - [14/May/2014:01:12:58 +0000] "GET /multipleyears.php HTTP/1.1" 200 1669 "http://wikipediaviews.subwiki.org/" "Mozilla/5.0 (Windows NT 6.3; WOW64; rv:29.0) Gecko/20100101 Firefox/29.0"
142.254.1.233 - - [14/May/2014:01:14:08 +0000] "GET /multipleyears.php HTTP/1.1" 200 1672 "http://wikipediaviews.subwiki.org/" "Mozilla/5.0 (Windows NT 6.3; WOW64; rv:29.0) Gecko/20100101 Firefox/29.0"
142.254.1.233 - - [14/May/2014:01:14:19 +0000] "GET /multipleyears.php HTTP/1.1" 200 1671 "http://wikipediaviews.subwiki.org/" "Mozilla/5.0 (Windows NT 6.3; WOW64; rv:29.0) Gecko/20100101 Firefox/29.0"
142.254.1.233 - - [14/May/2014:01:14:25 +0000] "GET /multiplemonths.php HTTP/1.1" 200 2560 "http://wikipediaviews.subwiki.org/multipleyears.php" "Mozilla/5.0 (Windows NT 6.3; WOW64; rv:29.0) Gecko/20100101 Firefox/29.0"
142.254.1.233 - - [14/May/2014:01:14:39 +0000] "GET / HTTP/1.1" 200 2376 "http://wikipediaviews.subwiki.org/multiplemonths.php" "Mozilla/5.0 (Windows NT 6.3; WOW64; rv:29.0) Gecko/20100101 Firefox/29.0"
142.254.1.233 - - [14/May/2014:01:14:51 +0000] "POST /displayviewsforonemonth.php HTTP/1.1" 200 533 "http://wikipediaviews.subwiki.org/" "Mozilla/5.0 (Windows NT 6.3; WOW64; rv:29.0) Gecko/20100101 Firefox/29.0"
142.254.1.233 - - [14/May/2014:01:14:55 +0000] "POST /displayviewsforonemonth.php HTTP/1.1" 200 533 "http://wikipediaviews.subwiki.org/" "Mozilla/5.0 (Windows NT 6.3; WOW64; rv:29.0) Gecko/20100101 Firefox/29.0"
142.254.1.233 - - [14/May/2014:01:17:14 +0000] "GET / HTTP/1.1" 200 2376 "-" "Mozilla/5.0 (Windows NT 6.3; WOW64; rv:29.0) Gecko/20100101 Firefox/29.0"
142.254.1.233 - - [14/May/2014:01:20:04 +0000] "GET / HTTP/1.1" 200 2376 "-" "Mozilla/5.0 (Windows NT 6.3; WOW64; rv:29.0) Gecko/20100101 Firefox/29.0"
142.254.1.233 - - [14/May/2014:01:20:08 +0000] "GET /multiplemonths.php HTTP/1.1" 200 2560 "http://wikipediaviews.subwiki.org/" "Mozilla/5.0 (Windows NT 6.3; WOW64; rv:29.0) Gecko/20100101 Firefox/29.0"
142.254.1.233 - - [14/May/2014:01:20:54 +0000] "POST /displayviewsformultiplemonths.php HTTP/1.1" 200 782 "http://wikipediaviews.subwiki.org/multiplemonths.php" "Mozilla/5.0 (Windows NT 6.3; WOW64; rv:29.0) Gecko/20100101 Firefox/29.0"
142.254.1.233 - - [14/May/2014:01:22:41 +0000] "POST /displayviewsformultiplemonths.php HTTP/1.1" 200 843 "http://wikipediaviews.subwiki.org/multiplemonths.php" "Mozilla/5.0 (Windows NT 6.3; WOW64; rv:29.0) Gecko/20100101 Firefox/29.0"
142.254.1.233 - - [14/May/2014:01:23:08 +0000] "POST /displayviewsformultiplemonths.php HTTP/1.1" 200 958 "http://wikipediaviews.subwiki.org/multiplemonths.php" "Mozilla/5.0 (Windows NT 6.3; WOW64; rv:29.0) Gecko/20100101 Firefox/29.0"
142.254.1.233 - - [14/May/2014:01:24:12 +0000] "POST /displayviewsformultiplemonths.php HTTP/1.1" 200 794 "http://wikipediaviews.subwiki.org/multiplemonths.php" "Mozilla/5.0 (Windows NT 6.3; WOW64; rv:29.0) Gecko/20100101 Firefox/29.0"
142.254.1.233 - - [14/May/2014:01:24:43 +0000] "GET /multipleyears.php HTTP/1.1" 200 1671 "http://wikipediaviews.subwiki.org/multiplemonths.php" "Mozilla/5.0 (Windows NT 6.3; WOW64; rv:29.0) Gecko/20100101 Firefox/29.0"
142.254.1.233 - - [14/May/2014:01:25:21 +0000] "POST /displayviewsformultipleyears.php HTTP/1.1" 200 477 "http://wikipediaviews.subwiki.org/multipleyears.php" "Mozilla/5.0 (Windows NT 6.3; WOW64; rv:29.0) Gecko/20100101 Firefox/29.0"
142.254.1.233 - - [14/May/2014:01:25:58 +0000] "POST /displayviewsformultipleyears.php HTTP/1.1" 200 517 "http://wikipediaviews.subwiki.org/multipleyears.php" "Mozilla/5.0 (Windows NT 6.3; WOW64; rv:29.0) Gecko/20100101 Firefox/29.0"
142.254.1.233 - - [14/May/2014:01:26:33 +0000] "POST /displayviewsformultipleyears.php HTTP/1.1" 200 551 "http://wikipediaviews.subwiki.org/multipleyears.php" "Mozilla/5.0 (Windows NT 6.3; WOW64; rv:29.0) Gecko/20100101 Firefox/29.0"
142.254.1.233 - - [14/May/2014:01:27:41 +0000] "POST /displayviewsformultipleyears.php HTTP/1.1" 499 0 "http://wikipediaviews.subwiki.org/multipleyears.php" "Mozilla/5.0 (Windows NT 6.3; WOW64; rv:29.0) Gecko/20100101 Firefox/29.0"
142.254.1.233 - - [14/May/2014:01:27:59 +0000] "POST /displayviewsformultipleyears.php HTTP/1.1" 200 607 "http://wikipediaviews.subwiki.org/multipleyears.php" "Mozilla/5.0 (Windows NT 6.3; WOW64; rv:29.0) Gecko/20100101 Firefox/29.0"
142.254.1.233 - - [14/May/2014:01:30:12 +0000] "POST /displayviewsformultipleyears.php HTTP/1.1" 200 534 "http://wikipediaviews.subwiki.org/multipleyears.php" "Mozilla/5.0 (Windows NT 6.3; WOW64; rv:29.0) Gecko/20100101 Firefox/29.0"
142.254.1.233 - - [14/May/2014:01:30:57 +0000] "POST /displayviewsformultipleyears.php HTTP/1.1" 200 507 "http://wikipediaviews.subwiki.org/multipleyears.php" "Mozilla/5.0 (Windows NT 6.3; WOW64; rv:29.0) Gecko/20100101 Firefox/29.0"
142.254.1.233 - - [14/May/2014:01:32:15 +0000] "POST /displayviewsformultipleyears.php HTTP/1.1" 200 515 "http://wikipediaviews.subwiki.org/multipleyears.php" "Mozilla/5.0 (Windows NT 6.3; WOW64; rv:29.0) Gecko/20100101 Firefox/29.0"
142.254.1.233 - - [14/May/2014:01:34:12 +0000] "POST /displayviewsformultipleyears.php HTTP/1.1" 200 515 "http://wikipediaviews.subwiki.org/multipleyears.php" "Mozilla/5.0 (Windows NT 6.3; WOW64; rv:29.0) Gecko/20100101 Firefox/29.0"
142.254.1.233 - - [14/May/2014:01:35:01 +0000] "POST /displayviewsformultipleyears.php HTTP/1.1" 200 465 "http://wikipediaviews.subwiki.org/multipleyears.php" "Mozilla/5.0 (Windows NT 6.3; WOW64; rv:29.0) Gecko/20100101 Firefox/29.0"
142.254.1.233 - - [14/May/2014:01:35:51 +0000] "POST /displayviewsformultipleyears.php HTTP/1.1" 200 499 "http://wikipediaviews.subwiki.org/multipleyears.php" "Mozilla/5.0 (Windows NT 6.3; WOW64; rv:29.0) Gecko/20100101 Firefox/29.0"
142.254.1.233 - - [14/May/2014:01:36:11 +0000] "POST /displayviewsformultipleyears.php HTTP/1.1" 200 567 "http://wikipediaviews.subwiki.org/multipleyears.php" "Mozilla/5.0 (Windows NT 6.3; WOW64; rv:29.0) Gecko/20100101 Firefox/29.0"
142.254.1.233 - - [14/May/2014:01:38:01 +0000] "POST /displayviewsformultipleyears.php HTTP/1.1" 504 182 "http://wikipediaviews.subwiki.org/multipleyears.php" "Mozilla/5.0 (Windows NT 6.3; WOW64; rv:29.0) Gecko/20100101 Firefox/29.0"
142.254.1.233 - - [14/May/2014:01:38:12 +0000] "POST /displayviewsformultipleyears.php HTTP/1.1" 200 519 "http://wikipediaviews.subwiki.org/multipleyears.php" "Mozilla/5.0 (Windows NT 6.3; WOW64; rv:29.0) Gecko/20100101 Firefox/29.0"
142.254.1.233 - - [14/May/2014:01:39:20 +0000] "POST /displayviewsformultipleyears.php HTTP/1.1" 200 536 "http://wikipediaviews.subwiki.org/multipleyears.php" "Mozilla/5.0 (Windows NT 6.3; WOW64; rv:29.0) Gecko/20100101 Firefox/29.0"
142.254.1.233 - - [14/May/2014:01:40:04 +0000] "GET /multiplemonths.php HTTP/1.1" 200 2560 "http://wikipediaviews.subwiki.org/multipleyears.php" "Mozilla/5.0 (Windows NT 6.3; WOW64; rv:29.0) Gecko/20100101 Firefox/29.0"
142.254.1.233 - - [14/May/2014:01:40:40 +0000] "POST /displayviewsformultiplemonths.php HTTP/1.1" 200 723 "http://wikipediaviews.subwiki.org/multiplemonths.php" "Mozilla/5.0 (Windows NT 6.3; WOW64; rv:29.0) Gecko/20100101 Firefox/29.0"
142.254.1.233 - - [14/May/2014:01:42:41 +0000] "POST /displayviewsformultiplemonths.php HTTP/1.1" 200 752 "http://wikipediaviews.subwiki.org/multiplemonths.php" "Mozilla/5.0 (Windows NT 6.3; WOW64; rv:29.0) Gecko/20100101 Firefox/29.0"
142.254.1.233 - - [14/May/2014:01:42:58 +0000] "GET /multipleyears.php HTTP/1.1" 200 1671 "http://wikipediaviews.subwiki.org/multiplemonths.php" "Mozilla/5.0 (Windows NT 6.3; WOW64; rv:29.0) Gecko/20100101 Firefox/29.0"
142.254.1.233 - - [14/May/2014:01:43:12 +0000] "POST /displayviewsformultipleyears.php HTTP/1.1" 499 0 "http://wikipediaviews.subwiki.org/multipleyears.php" "Mozilla/5.0 (Windows NT 6.3; WOW64; rv:29.0) Gecko/20100101 Firefox/29.0"
142.254.1.233 - - [14/May/2014:01:43:58 +0000] "POST /displayviewsformultipleyears.php HTTP/1.1" 200 526 "http://wikipediaviews.subwiki.org/multipleyears.php" "Mozilla/5.0 (Windows NT 6.3; WOW64; rv:29.0) Gecko/20100101 Firefox/29.0"
142.254.1.233 - - [14/May/2014:01:45:52 +0000] "POST /displayviewsformultipleyears.php HTTP/1.1" 200 565 "http://wikipediaviews.subwiki.org/multipleyears.php" "Mozilla/5.0 (Windows NT 6.3; WOW64; rv:29.0) Gecko/20100101 Firefox/29.0"
142.254.1.233 - - [14/May/2014:01:46:26 +0000] "GET /multiplemonths.php HTTP/1.1" 200 2560 "http://wikipediaviews.subwiki.org/multipleyears.php" "Mozilla/5.0 (Windows NT 6.3; WOW64; rv:29.0) Gecko/20100101 Firefox/29.0"
142.254.1.233 - - [14/May/2014:01:46:42 +0000] "POST /displayviewsformultiplemonths.php HTTP/1.1" 200 986 "http://wikipediaviews.subwiki.org/multiplemonths.php" "Mozilla/5.0 (Windows NT 6.3; WOW64; rv:29.0) Gecko/20100101 Firefox/29.0"
142.254.1.233 - - [14/May/2014:01:48:21 +0000] "GET /multipleyears.php HTTP/1.1" 200 1671 "http://wikipediaviews.subwiki.org/displayviewsformultiplemonths.php" "Mozilla/5.0 (Windows NT 6.3; WOW64; rv:29.0) Gecko/20100101 Firefox/29.0"
142.254.1.233 - - [14/May/2014:01:49:19 +0000] "POST /displayviewsformultipleyears.php HTTP/1.1" 200 527 "http://wikipediaviews.subwiki.org/multipleyears.php" "Mozilla/5.0 (Windows NT 6.3; WOW64; rv:29.0) Gecko/20100101 Firefox/29.0"
142.254.1.233 - - [14/May/2014:01:50:34 +0000] "POST /displayviewsformultipleyears.php HTTP/1.1" 200 523 "http://wikipediaviews.subwiki.org/multipleyears.php" "Mozilla/5.0 (Windows NT 6.3; WOW64; rv:29.0) Gecko/20100101 Firefox/29.0"
142.254.1.233 - - [14/May/2014:01:52:55 +0000] "POST /displayviewsformultipleyears.php HTTP/1.1" 504 182 "http://wikipediaviews.subwiki.org/multipleyears.php" "Mozilla/5.0 (Windows NT 6.3; WOW64; rv:29.0) Gecko/20100101 Firefox/29.0"
142.254.1.233 - - [14/May/2014:01:53:43 +0000] "POST /displayviewsformultipleyears.php HTTP/1.1" 200 529 "http://wikipediaviews.subwiki.org/multipleyears.php" "Mozilla/5.0 (Windows NT 6.3; WOW64; rv:29.0) Gecko/20100101 Firefox/29.0"
142.254.1.233 - - [14/May/2014:01:54:38 +0000] "POST /displayviewsformultipleyears.php HTTP/1.1" 499 0 "http://wikipediaviews.subwiki.org/multipleyears.php" "Mozilla/5.0 (Windows NT 6.3; WOW64; rv:29.0) Gecko/20100101 Firefox/29.0"
142.254.1.233 - - [14/May/2014:01:55:05 +0000] "POST /displayviewsformultipleyears.php HTTP/1.1" 200 572 "http://wikipediaviews.subwiki.org/multipleyears.php" "Mozilla/5.0 (Windows NT 6.3; WOW64; rv:29.0) Gecko/20100101 Firefox/29.0"
142.254.1.233 - - [14/May/2014:01:57:52 +0000] "POST /displayviewsformultipleyears.php HTTP/1.1" 200 489 "http://wikipediaviews.subwiki.org/multipleyears.php" "Mozilla/5.0 (Windows NT 6.3; WOW64; rv:29.0) Gecko/20100101 Firefox/29.0"
69.171.247.119 - - [14/May/2014:01:59:20 +0000] "GET /multipleyears.php HTTP/1.1" 200 1671 "-" "facebookexternalhit/1.1 (+http://www.facebook.com/externalhit_uatext.php)"
142.254.1.233 - - [14/May/2014:02:02:13 +0000] "POST /displayviewsformultipleyears.php HTTP/1.1" 200 500 "http://wikipediaviews.subwiki.org/multipleyears.php" "Mozilla/5.0 (Windows NT 6.3; WOW64; rv:29.0) Gecko/20100101 Firefox/29.0"
65.52.242.216 - - [14/May/2014:02:04:15 +0000] "GET /multipleyears.php HTTP/1.1" 200 1671 "-" "Mozilla/5.0 (compatible; MSIE 10.0; Windows NT 6.1; Trident/6.0)"
185.20.4.143 - - [14/May/2014:02:04:32 +0000] "GET /multipleyears.php HTTP/1.1" 200 4228 "-" "Mozilla/5.0 (compatible; TweetmemeBot/3.0; +http://tweetmeme.com/)"
142.254.1.233 - - [14/May/2014:02:06:30 +0000] "POST /displayviewsformultipleyears.php HTTP/1.1" 200 471 "http://wikipediaviews.subwiki.org/multipleyears.php" "Mozilla/5.0 (Windows NT 6.3; WOW64; rv:29.0) Gecko/20100101 Firefox/29.0"
142.254.1.233 - - [14/May/2014:02:07:11 +0000] "POST /displayviewsformultipleyears.php HTTP/1.1" 200 492 "http://wikipediaviews.subwiki.org/multipleyears.php" "Mozilla/5.0 (Windows NT 6.3; WOW64; rv:29.0) Gecko/20100101 Firefox/29.0"
50.167.206.102 - - [14/May/2014:02:15:43 +0000] "GET /multipleyears.php HTTP/1.1" 200 1671 "https://www.facebook.com/" "Mozilla/5.0 (Windows NT 6.3; WOW64) AppleWebKit/537.36 (KHTML, like Gecko) Chrome/34.0.1847.131 Safari/537.36"
142.254.1.233 - - [14/May/2014:02:21:48 +0000] "POST /displayviewsformultipleyears.php HTTP/1.1" 200 495 "http://wikipediaviews.subwiki.org/multipleyears.php" "Mozilla/5.0 (Windows NT 6.3; WOW64; rv:29.0) Gecko/20100101 Firefox/29.0"
54.83.230.14 - - [14/May/2014:02:21:49 +0000] "GET /robots.txt HTTP/1.1" 200 2376 "-" "Mozilla/5.0 (Macintosh; Intel Mac OS X 10.9; rv:28.0) Gecko/20100101 Firefox/28.0 (FlipboardProxy/1.1; +http://flipboard.com/browserproxy)"
54.83.230.14 - - [14/May/2014:02:21:49 +0000] "GET /multipleyears.php HTTP/1.1" 200 1671 "-" "Mozilla/5.0 (Macintosh; Intel Mac OS X 10.9; rv:28.0) Gecko/20100101 Firefox/28.0 (FlipboardProxy/1.1; +http://flipboard.com/browserproxy)"
14.99.8.87 - - [14/May/2014:02:22:06 +0000] "GET / HTTP/1.1" 200 2376 "-" "Mozilla/5.0 (Windows NT 6.1; WOW64; Trident/7.0; rv:11.0) like Gecko"
142.254.1.233 - - [14/May/2014:02:22:45 +0000] "POST /displayviewsformultipleyears.php HTTP/1.1" 200 578 "http://wikipediaviews.subwiki.org/multipleyears.php" "Mozilla/5.0 (Windows NT 6.3; WOW64; rv:29.0) Gecko/20100101 Firefox/29.0"
14.99.8.87 - - [14/May/2014:02:23:04 +0000] "POST /displayviewsforonemonth.php HTTP/1.1" 200 533 "http://wikipediaviews.subwiki.org/" "Mozilla/5.0 (Windows NT 6.1; WOW64; Trident/7.0; rv:11.0) like Gecko"
142.254.1.233 - - [14/May/2014:02:24:16 +0000] "GET /multipleyears.php HTTP/1.1" 200 1671 "-" "Mozilla/5.0 (Windows NT 6.3; WOW64; rv:29.0) Gecko/20100101 Firefox/29.0"
142.254.1.233 - - [14/May/2014:02:24:54 +0000] "POST /displayviewsformultipleyears.php HTTP/1.1" 200 602 "http://wikipediaviews.subwiki.org/multipleyears.php" "Mozilla/5.0 (Windows NT 6.3; WOW64; rv:29.0) Gecko/20100101 Firefox/29.0"
142.254.1.233 - - [14/May/2014:02:26:33 +0000] "GET /multipleyears.php HTTP/1.1" 200 1671 "http://wikipediaviews.subwiki.org/displayviewsformultipleyears.php" "Mozilla/5.0 (Windows NT 6.3; WOW64; rv:29.0) Gecko/20100101 Firefox/29.0"
142.254.1.233 - - [14/May/2014:02:27:21 +0000] "POST /displayviewsformultipleyears.php HTTP/1.1" 200 606 "http://wikipediaviews.subwiki.org/multipleyears.php" "Mozilla/5.0 (Windows NT 6.3; WOW64; rv:29.0) Gecko/20100101 Firefox/29.0"
64.189.167.3 - - [14/May/2014:02:27:40 +0000] "GET /multipleyears.php HTTP/1.1" 200 1671 "-" "Mozilla/5.0 (Windows NT 6.1; WOW64) AppleWebKit/537.36 (KHTML, like Gecko) Chrome/34.0.1847.131 Safari/537.36"
142.254.1.233 - - [14/May/2014:02:29:05 +0000] "POST /displayviewsformultipleyears.php HTTP/1.1" 504 182 "http://wikipediaviews.subwiki.org/multipleyears.php" "Mozilla/5.0 (Windows NT 6.3; WOW64; rv:29.0) Gecko/20100101 Firefox/29.0"
142.254.1.233 - - [14/May/2014:02:29:13 +0000] "POST /displayviewsformultipleyears.php HTTP/1.1" 200 557 "http://wikipediaviews.subwiki.org/multipleyears.php" "Mozilla/5.0 (Windows NT 6.3; WOW64; rv:29.0) Gecko/20100101 Firefox/29.0"
142.254.1.233 - - [14/May/2014:02:29:44 +0000] "GET / HTTP/1.1" 200 2376 "-" "Mozilla/5.0 (Windows NT 6.3; WOW64; rv:29.0) Gecko/20100101 Firefox/29.0"
142.254.1.233 - - [14/May/2014:02:29:56 +0000] "GET /multipleyears.php HTTP/1.1" 200 1671 "http://wikipediaviews.subwiki.org/" "Mozilla/5.0 (Windows NT 6.3; WOW64; rv:29.0) Gecko/20100101 Firefox/29.0"
142.254.1.233 - - [14/May/2014:02:30:43 +0000] "POST /displayviewsformultipleyears.php HTTP/1.1" 200 510 "http://wikipediaviews.subwiki.org/multipleyears.php" "Mozilla/5.0 (Windows NT 6.3; WOW64; rv:29.0) Gecko/20100101 Firefox/29.0"
14.99.8.87 - - [14/May/2014:02:31:24 +0000] "POST /displayviewsforonemonth.php HTTP/1.1" 200 464 "http://wikipediaviews.subwiki.org/" "Mozilla/5.0 (Windows NT 6.1; WOW64; Trident/7.0; rv:11.0) like Gecko"
14.99.8.87 - - [14/May/2014:02:31:40 +0000] "POST /displayviewsforonemonth.php HTTP/1.1" 200 474 "http://wikipediaviews.subwiki.org/" "Mozilla/5.0 (Windows NT 6.1; WOW64; Trident/7.0; rv:11.0) like Gecko"
208.46.240.4 - - [14/May/2014:02:33:18 +0000] "GET /multipleyears.php HTTP/1.1" 200 1671 "https://www.facebook.com/" "Mozilla/5.0 (Macintosh; Intel Mac OS X 10_8_5) AppleWebKit/537.75.14 (KHTML, like Gecko) Version/6.1.3 Safari/537.75.14"
142.254.1.233 - - [14/May/2014:02:34:07 +0000] "GET / HTTP/1.1" 200 2376 "-" "Mozilla/5.0 (Windows NT 6.3; WOW64; rv:29.0) Gecko/20100101 Firefox/29.0"
142.254.1.233 - - [14/May/2014:02:34:11 +0000] "GET /multipleyears.php HTTP/1.1" 200 1671 "http://wikipediaviews.subwiki.org/" "Mozilla/5.0 (Windows NT 6.3; WOW64; rv:29.0) Gecko/20100101 Firefox/29.0"
142.254.1.233 - - [14/May/2014:02:34:44 +0000] "POST /displayviewsformultipleyears.php HTTP/1.1" 200 609 "http://wikipediaviews.subwiki.org/multipleyears.php" "Mozilla/5.0 (Windows NT 6.3; WOW64; rv:29.0) Gecko/20100101 Firefox/29.0"
142.254.1.233 - - [14/May/2014:02:35:04 +0000] "GET /multiplemonths.php HTTP/1.1" 200 2560 "http://wikipediaviews.subwiki.org/" "Mozilla/5.0 (Windows NT 6.3; WOW64; rv:29.0) Gecko/20100101 Firefox/29.0"
142.254.1.233 - - [14/May/2014:02:35:23 +0000] "POST /displayviewsformultiplemonths.php HTTP/1.1" 200 1167 "http://wikipediaviews.subwiki.org/multiplemonths.php" "Mozilla/5.0 (Windows NT 6.3; WOW64; rv:29.0) Gecko/20100101 Firefox/29.0"
142.254.1.233 - - [14/May/2014:02:36:14 +0000] "POST /displayviewsformultiplemonths.php HTTP/1.1" 200 1266 "http://wikipediaviews.subwiki.org/multiplemonths.php" "Mozilla/5.0 (Windows NT 6.3; WOW64; rv:29.0) Gecko/20100101 Firefox/29.0"
208.46.240.4 - - [14/May/2014:02:36:21 +0000] "POST /displayviewsformultipleyears.php HTTP/1.1" 504 182 "http://wikipediaviews.subwiki.org/multipleyears.php" "Mozilla/5.0 (Macintosh; Intel Mac OS X 10_8_5) AppleWebKit/537.75.14 (KHTML, like Gecko) Version/6.1.3 Safari/537.75.14"
67.188.145.157 - - [14/May/2014:02:36:29 +0000] "GET /multipleyears.php HTTP/1.1" 200 1671 "-" "Mozilla/5.0 (Windows NT 6.3; Win64; x64; rv:28.0) Gecko/20100101 Firefox/28.0 Waterfox/28.0"
208.46.240.4 - - [14/May/2014:02:37:00 +0000] "POST /displayviewsformultipleyears.php HTTP/1.1" 200 535 "http://wikipediaviews.subwiki.org/multipleyears.php" "Mozilla/5.0 (Macintosh; Intel Mac OS X 10_8_5) AppleWebKit/537.75.14 (KHTML, like Gecko) Version/6.1.3 Safari/537.75.14"
142.254.1.233 - - [14/May/2014:02:37:27 +0000] "GET /multipleyears.php HTTP/1.1" 200 1671 "http://wikipediaviews.subwiki.org/multiplemonths.php" "Mozilla/5.0 (Windows NT 6.3; WOW64; rv:29.0) Gecko/20100101 Firefox/29.0"
142.254.1.233 - - [14/May/2014:02:38:25 +0000] "POST /displayviewsformultipleyears.php HTTP/1.1" 200 496 "http://wikipediaviews.subwiki.org/multipleyears.php" "Mozilla/5.0 (Windows NT 6.3; WOW64; rv:29.0) Gecko/20100101 Firefox/29.0"
142.254.1.233 - - [14/May/2014:02:38:38 +0000] "POST /displayviewsformultipleyears.php HTTP/1.1" 200 474 "http://wikipediaviews.subwiki.org/multipleyears.php" "Mozilla/5.0 (Windows NT 6.3; WOW64; rv:29.0) Gecko/20100101 Firefox/29.0"
142.254.1.233 - - [14/May/2014:02:38:51 +0000] "GET /multiplemonths.php HTTP/1.1" 200 2560 "http://wikipediaviews.subwiki.org/multipleyears.php" "Mozilla/5.0 (Windows NT 6.3; WOW64; rv:29.0) Gecko/20100101 Firefox/29.0"
142.254.1.233 - - [14/May/2014:02:39:02 +0000] "POST /displayviewsformultiplemonths.php HTTP/1.1" 200 745 "http://wikipediaviews.subwiki.org/multiplemonths.php" "Mozilla/5.0 (Windows NT 6.3; WOW64; rv:29.0) Gecko/20100101 Firefox/29.0"
208.46.240.4 - - [14/May/2014:02:39:09 +0000] "POST /displayviewsformultipleyears.php HTTP/1.1" 504 182 "http://wikipediaviews.subwiki.org/multipleyears.php" "Mozilla/5.0 (Macintosh; Intel Mac OS X 10_8_5) AppleWebKit/537.75.14 (KHTML, like Gecko) Version/6.1.3 Safari/537.75.14"
142.254.1.233 - - [14/May/2014:02:39:11 +0000] "POST /displayviewsformultiplemonths.php HTTP/1.1" 200 828 "http://wikipediaviews.subwiki.org/multiplemonths.php" "Mozilla/5.0 (Windows NT 6.3; WOW64; rv:29.0) Gecko/20100101 Firefox/29.0"
208.46.240.4 - - [14/May/2014:02:39:21 +0000] "POST /displayviewsformultipleyears.php HTTP/1.1" 200 500 "http://wikipediaviews.subwiki.org/multipleyears.php" "Mozilla/5.0 (Macintosh; Intel Mac OS X 10_8_5) AppleWebKit/537.75.14 (KHTML, like Gecko) Version/6.1.3 Safari/537.75.14"
142.254.1.233 - - [14/May/2014:02:40:23 +0000] "GET /multipleyears.php HTTP/1.1" 200 1671 "http://wikipediaviews.subwiki.org/displayviewsformultiplemonths.php" "Mozilla/5.0 (Windows NT 6.3; WOW64; rv:29.0) Gecko/20100101 Firefox/29.0"
142.254.1.233 - - [14/May/2014:02:41:17 +0000] "POST /displayviewsformultipleyears.php HTTP/1.1" 200 496 "http://wikipediaviews.subwiki.org/multipleyears.php" "Mozilla/5.0 (Windows NT 6.3; WOW64; rv:29.0) Gecko/20100101 Firefox/29.0"
142.254.1.233 - - [14/May/2014:02:43:21 +0000] "POST /displayviewsformultipleyears.php HTTP/1.1" 200 516 "http://wikipediaviews.subwiki.org/multipleyears.php" "Mozilla/5.0 (Windows NT 6.3; WOW64; rv:29.0) Gecko/20100101 Firefox/29.0"
142.254.1.233 - - [14/May/2014:02:44:47 +0000] "POST /displayviewsformultipleyears.php HTTP/1.1" 504 182 "http://wikipediaviews.subwiki.org/multipleyears.php" "Mozilla/5.0 (Windows NT 6.3; WOW64; rv:29.0) Gecko/20100101 Firefox/29.0"
142.254.1.233 - - [14/May/2014:02:44:56 +0000] "POST /displayviewsformultipleyears.php HTTP/1.1" 200 624 "http://wikipediaviews.subwiki.org/multipleyears.php" "Mozilla/5.0 (Windows NT 6.3; WOW64; rv:29.0) Gecko/20100101 Firefox/29.0"
142.254.1.233 - - [14/May/2014:02:45:43 +0000] "POST /displayviewsformultipleyears.php HTTP/1.1" 200 668 "http://wikipediaviews.subwiki.org/multipleyears.php" "Mozilla/5.0 (Windows NT 6.3; WOW64; rv:29.0) Gecko/20100101 Firefox/29.0"
142.254.1.233 - - [14/May/2014:02:46:33 +0000] "POST /displayviewsformultipleyears.php HTTP/1.1" 200 473 "http://wikipediaviews.subwiki.org/multipleyears.php" "Mozilla/5.0 (Windows NT 6.3; WOW64; rv:29.0) Gecko/20100101 Firefox/29.0"
142.254.1.233 - - [14/May/2014:02:47:24 +0000] "POST /displayviewsformultipleyears.php HTTP/1.1" 200 521 "http://wikipediaviews.subwiki.org/multipleyears.php" "Mozilla/5.0 (Windows NT 6.3; WOW64; rv:29.0) Gecko/20100101 Firefox/29.0"
142.254.1.233 - - [14/May/2014:02:48:55 +0000] "POST /displayviewsformultipleyears.php HTTP/1.1" 200 600 "http://wikipediaviews.subwiki.org/multipleyears.php" "Mozilla/5.0 (Windows NT 6.3; WOW64; rv:29.0) Gecko/20100101 Firefox/29.0"
142.254.1.233 - - [14/May/2014:02:49:41 +0000] "GET / HTTP/1.1" 200 2376 "-" "Mozilla/5.0 (Windows NT 6.3; WOW64; rv:29.0) Gecko/20100101 Firefox/29.0"
142.254.1.233 - - [14/May/2014:02:49:43 +0000] "GET /multipleyears.php HTTP/1.1" 200 1671 "http://wikipediaviews.subwiki.org/" "Mozilla/5.0 (Windows NT 6.3; WOW64; rv:29.0) Gecko/20100101 Firefox/29.0"
142.254.1.233 - - [14/May/2014:02:50:56 +0000] "POST /displayviewsformultipleyears.php HTTP/1.1" 504 182 "http://wikipediaviews.subwiki.org/multipleyears.php" "Mozilla/5.0 (Windows NT 6.3; WOW64; rv:29.0) Gecko/20100101 Firefox/29.0"
142.254.1.233 - - [14/May/2014:02:51:08 +0000] "POST /displayviewsformultipleyears.php HTTP/1.1" 200 529 "http://wikipediaviews.subwiki.org/multipleyears.php" "Mozilla/5.0 (Windows NT 6.3; WOW64; rv:29.0) Gecko/20100101 Firefox/29.0"
142.254.1.233 - - [14/May/2014:02:51:27 +0000] "POST /displayviewsformultipleyears.php HTTP/1.1" 200 515 "http://wikipediaviews.subwiki.org/multipleyears.php" "Mozilla/5.0 (Windows NT 6.3; WOW64; rv:29.0) Gecko/20100101 Firefox/29.0"
142.254.1.233 - - [14/May/2014:02:51:52 +0000] "POST /displayviewsformultipleyears.php HTTP/1.1" 200 660 "http://wikipediaviews.subwiki.org/multipleyears.php" "Mozilla/5.0 (Windows NT 6.3; WOW64; rv:29.0) Gecko/20100101 Firefox/29.0"
142.254.1.233 - - [14/May/2014:02:52:13 +0000] "POST /displayviewsformultipleyears.php HTTP/1.1" 200 702 "http://wikipediaviews.subwiki.org/multipleyears.php" "Mozilla/5.0 (Windows NT 6.3; WOW64; rv:29.0) Gecko/20100101 Firefox/29.0"
142.254.1.233 - - [14/May/2014:02:52:27 +0000] "POST /displayviewsformultipleyears.php HTTP/1.1" 200 765 "http://wikipediaviews.subwiki.org/multipleyears.php" "Mozilla/5.0 (Windows NT 6.3; WOW64; rv:29.0) Gecko/20100101 Firefox/29.0"
142.254.1.233 - - [14/May/2014:02:53:02 +0000] "POST /displayviewsformultipleyears.php HTTP/1.1" 200 803 "http://wikipediaviews.subwiki.org/multipleyears.php" "Mozilla/5.0 (Windows NT 6.3; WOW64; rv:29.0) Gecko/20100101 Firefox/29.0"
142.254.1.233 - - [14/May/2014:02:53:34 +0000] "POST /displayviewsformultipleyears.php HTTP/1.1" 499 0 "http://wikipediaviews.subwiki.org/multipleyears.php" "Mozilla/5.0 (Windows NT 6.3; WOW64; rv:29.0) Gecko/20100101 Firefox/29.0"
173.180.182.205 - - [14/May/2014:02:53:57 +0000] "GET /multipleyears.php HTTP/1.1" 200 1671 "https://www.facebook.com/" "Mozilla/5.0 (Windows NT 6.3; WOW64) AppleWebKit/537.36 (KHTML, like Gecko) Chrome/34.0.1847.131 Safari/537.36"
142.254.1.233 - - [14/May/2014:02:54:28 +0000] "POST /displayviewsformultipleyears.php HTTP/1.1" 200 488 "http://wikipediaviews.subwiki.org/multipleyears.php" "Mozilla/5.0 (Windows NT 6.3; WOW64; rv:29.0) Gecko/20100101 Firefox/29.0"
173.180.182.205 - - [14/May/2014:02:54:33 +0000] "POST /displayviewsformultipleyears.php HTTP/1.1" 200 515 "http://wikipediaviews.subwiki.org/multipleyears.php" "Mozilla/5.0 (Windows NT 6.3; WOW64) AppleWebKit/537.36 (KHTML, like Gecko) Chrome/34.0.1847.131 Safari/537.36"
142.254.1.233 - - [14/May/2014:02:55:59 +0000] "POST /displayviewsformultipleyears.php HTTP/1.1" 200 531 "http://wikipediaviews.subwiki.org/multipleyears.php" "Mozilla/5.0 (Windows NT 6.3; WOW64; rv:29.0) Gecko/20100101 Firefox/29.0"
142.254.1.233 - - [14/May/2014:02:57:13 +0000] "POST /displayviewsformultipleyears.php HTTP/1.1" 200 574 "http://wikipediaviews.subwiki.org/multipleyears.php" "Mozilla/5.0 (Windows NT 6.3; WOW64; rv:29.0) Gecko/20100101 Firefox/29.0"
142.254.1.233 - - [14/May/2014:02:58:14 +0000] "POST /displayviewsformultipleyears.php HTTP/1.1" 200 611 "http://wikipediaviews.subwiki.org/multipleyears.php" "Mozilla/5.0 (Windows NT 6.3; WOW64; rv:29.0) Gecko/20100101 Firefox/29.0"
142.254.1.233 - - [14/May/2014:02:59:26 +0000] "POST /displayviewsformultipleyears.php HTTP/1.1" 200 655 "http://wikipediaviews.subwiki.org/multipleyears.php" "Mozilla/5.0 (Windows NT 6.3; WOW64; rv:29.0) Gecko/20100101 Firefox/29.0"
142.254.1.233 - - [14/May/2014:03:01:11 +0000] "POST /displayviewsformultipleyears.php HTTP/1.1" 504 182 "http://wikipediaviews.subwiki.org/multipleyears.php" "Mozilla/5.0 (Windows NT 6.3; WOW64; rv:29.0) Gecko/20100101 Firefox/29.0"
142.254.1.233 - - [14/May/2014:03:01:15 +0000] "GET /multipleyears.php HTTP/1.1" 200 1671 "http://wikipediaviews.subwiki.org/" "Mozilla/5.0 (Windows NT 6.3; WOW64; rv:29.0) Gecko/20100101 Firefox/29.0"
142.254.1.233 - - [14/May/2014:03:01:24 +0000] "GET /multipleyears.php HTTP/1.1" 200 1671 "http://wikipediaviews.subwiki.org/multipleyears.php" "Mozilla/5.0 (Windows NT 6.3; WOW64; rv:29.0) Gecko/20100101 Firefox/29.0"
142.254.1.233 - - [14/May/2014:03:02:18 +0000] "POST /displayviewsformultipleyears.php HTTP/1.1" 200 606 "http://wikipediaviews.subwiki.org/multipleyears.php" "Mozilla/5.0 (Windows NT 6.3; WOW64; rv:29.0) Gecko/20100101 Firefox/29.0"
142.254.1.233 - - [14/May/2014:03:02:29 +0000] "POST /displayviewsformultipleyears.php HTTP/1.1" 200 590 "http://wikipediaviews.subwiki.org/multipleyears.php" "Mozilla/5.0 (Windows NT 6.3; WOW64; rv:29.0) Gecko/20100101 Firefox/29.0"
142.254.1.233 - - [14/May/2014:03:03:36 +0000] "POST /displayviewsformultipleyears.php HTTP/1.1" 200 594 "http://wikipediaviews.subwiki.org/multipleyears.php" "Mozilla/5.0 (Windows NT 6.3; WOW64; rv:29.0) Gecko/20100101 Firefox/29.0"
142.254.1.233 - - [14/May/2014:03:04:58 +0000] "POST /displayviewsformultipleyears.php HTTP/1.1" 200 528 "http://wikipediaviews.subwiki.org/multipleyears.php" "Mozilla/5.0 (Windows NT 6.3; WOW64; rv:29.0) Gecko/20100101 Firefox/29.0"
142.254.1.233 - - [14/May/2014:03:05:37 +0000] "POST /displayviewsformultipleyears.php HTTP/1.1" 499 0 "http://wikipediaviews.subwiki.org/multipleyears.php" "Mozilla/5.0 (Windows NT 6.3; WOW64; rv:29.0) Gecko/20100101 Firefox/29.0"
142.254.1.233 - - [14/May/2014:03:06:38 +0000] "POST /displayviewsformultipleyears.php HTTP/1.1" 200 512 "http://wikipediaviews.subwiki.org/multipleyears.php" "Mozilla/5.0 (Windows NT 6.3; WOW64; rv:29.0) Gecko/20100101 Firefox/29.0"
142.254.1.233 - - [14/May/2014:03:07:55 +0000] "POST /displayviewsformultipleyears.php HTTP/1.1" 200 563 "http://wikipediaviews.subwiki.org/multipleyears.php" "Mozilla/5.0 (Windows NT 6.3; WOW64; rv:29.0) Gecko/20100101 Firefox/29.0"
142.254.1.233 - - [14/May/2014:03:09:27 +0000] "POST /displayviewsformultipleyears.php HTTP/1.1" 499 0 "http://wikipediaviews.subwiki.org/multipleyears.php" "Mozilla/5.0 (Windows NT 6.3; WOW64; rv:29.0) Gecko/20100101 Firefox/29.0"
142.254.1.233 - - [14/May/2014:03:10:03 +0000] "POST /displayviewsformultipleyears.php HTTP/1.1" 200 551 "http://wikipediaviews.subwiki.org/multipleyears.php" "Mozilla/5.0 (Windows NT 6.3; WOW64; rv:29.0) Gecko/20100101 Firefox/29.0"
142.254.1.233 - - [14/May/2014:03:10:41 +0000] "POST /displayviewsformultipleyears.php HTTP/1.1" 200 692 "http://wikipediaviews.subwiki.org/multipleyears.php" "Mozilla/5.0 (Windows NT 6.3; WOW64; rv:29.0) Gecko/20100101 Firefox/29.0"
142.254.1.233 - - [14/May/2014:03:12:30 +0000] "GET / HTTP/1.1" 200 2376 "-" "Mozilla/5.0 (Windows NT 6.3; WOW64; rv:29.0) Gecko/20100101 Firefox/29.0"
142.254.1.233 - - [14/May/2014:03:12:34 +0000] "GET /multipleyears.php HTTP/1.1" 200 1671 "http://wikipediaviews.subwiki.org/" "Mozilla/5.0 (Windows NT 6.3; WOW64; rv:29.0) Gecko/20100101 Firefox/29.0"
142.254.1.233 - - [14/May/2014:03:13:36 +0000] "POST /displayviewsformultipleyears.php HTTP/1.1" 200 515 "http://wikipediaviews.subwiki.org/multipleyears.php" "Mozilla/5.0 (Windows NT 6.3; WOW64; rv:29.0) Gecko/20100101 Firefox/29.0"
142.254.1.233 - - [14/May/2014:03:15:03 +0000] "POST /displayviewsformultipleyears.php HTTP/1.1" 499 0 "http://wikipediaviews.subwiki.org/multipleyears.php" "Mozilla/5.0 (Windows NT 6.3; WOW64; rv:29.0) Gecko/20100101 Firefox/29.0"
142.254.1.233 - - [14/May/2014:03:15:27 +0000] "POST /displayviewsformultipleyears.php HTTP/1.1" 200 514 "http://wikipediaviews.subwiki.org/multipleyears.php" "Mozilla/5.0 (Windows NT 6.3; WOW64; rv:29.0) Gecko/20100101 Firefox/29.0"
142.254.1.233 - - [14/May/2014:03:16:38 +0000] "POST /displayviewsformultipleyears.php HTTP/1.1" 200 552 "http://wikipediaviews.subwiki.org/multipleyears.php" "Mozilla/5.0 (Windows NT 6.3; WOW64; rv:29.0) Gecko/20100101 Firefox/29.0"
142.254.1.233 - - [14/May/2014:03:29:26 +0000] "GET / HTTP/1.1" 200 2367 "-" "Mozilla/5.0 (Windows NT 6.3; WOW64; rv:29.0) Gecko/20100101 Firefox/29.0"
142.254.1.233 - - [14/May/2014:03:33:11 +0000] "POST /displayviewsforonemonth.php HTTP/1.1" 200 463 "http://wikipediaviews.subwiki.org/" "Mozilla/5.0 (Windows NT 6.3; WOW64; rv:29.0) Gecko/20100101 Firefox/29.0"
173.252.112.114 - - [14/May/2014:03:36:07 +0000] "GET /multipleyears.php?fb_locale=de_DE HTTP/1.1" 200 1687 "-" "facebookexternalhit/1.1 (+http://www.facebook.com/externalhit_uatext.php)"
142.254.1.233 - - [14/May/2014:03:37:21 +0000] "GET / HTTP/1.1" 200 2392 "-" "Mozilla/5.0 (Windows NT 6.3; WOW64; rv:29.0) Gecko/20100101 Firefox/29.0"
142.254.1.233 - - [14/May/2014:03:37:27 +0000] "GET /multiplemonths.php HTTP/1.1" 200 2583 "http://wikipediaviews.subwiki.org/" "Mozilla/5.0 (Windows NT 6.3; WOW64; rv:29.0) Gecko/20100101 Firefox/29.0"
142.254.1.233 - - [14/May/2014:03:37:29 +0000] "GET /multipleyears.php HTTP/1.1" 200 1687 "http://wikipediaviews.subwiki.org/multiplemonths.php" "Mozilla/5.0 (Windows NT 6.3; WOW64; rv:29.0) Gecko/20100101 Firefox/29.0"
142.254.1.233 - - [14/May/2014:03:41:18 +0000] "GET / HTTP/1.1" 200 2392 "http://wikipediaviews.subwiki.org/multipleyears.php" "Mozilla/5.0 (Windows NT 6.3; WOW64; rv:29.0) Gecko/20100101 Firefox/29.0"
66.220.152.119 - - [14/May/2014:03:42:10 +0000] "GET /multipleyears.php?fb_locale=ko_KR HTTP/1.1" 200 1687 "-" "facebookexternalhit/1.1 (+http://www.facebook.com/externalhit_uatext.php)"
14.99.8.87 - - [14/May/2014:03:43:06 +0000] "GET / HTTP/1.1" 200 2392 "-" "Mozilla/5.0 (Windows NT 6.1; WOW64; Trident/7.0; rv:11.0) like Gecko"
142.254.1.233 - - [14/May/2014:03:44:15 +0000] "GET / HTTP/1.1" 200 2392 "-" "Mozilla/5.0 (Windows NT 6.3; WOW64; rv:29.0) Gecko/20100101 Firefox/29.0"
142.254.1.233 - - [14/May/2014:03:44:18 +0000] "GET /multipleyears.php HTTP/1.1" 200 1687 "http://wikipediaviews.subwiki.org/" "Mozilla/5.0 (Windows NT 6.3; WOW64; rv:29.0) Gecko/20100101 Firefox/29.0"
14.99.8.87 - - [14/May/2014:03:45:33 +0000] "POST /displayviewsforonemonth.php HTTP/1.1" 200 490 "http://wikipediaviews.subwiki.org/" "Mozilla/5.0 (Windows NT 6.1; WOW64; Trident/7.0; rv:11.0) like Gecko"
142.254.1.233 - - [14/May/2014:03:45:33 +0000] "POST /displayviewsformultipleyears.php HTTP/1.1" 504 182 "http://wikipediaviews.subwiki.org/multipleyears.php" "Mozilla/5.0 (Windows NT 6.3; WOW64; rv:29.0) Gecko/20100101 Firefox/29.0"
14.99.8.87 - - [14/May/2014:03:45:52 +0000] "POST /displayviewsforonemonth.php HTTP/1.1" 200 490 "http://wikipediaviews.subwiki.org/" "Mozilla/5.0 (Windows NT 6.1; WOW64; Trident/7.0; rv:11.0) like Gecko"
142.254.1.233 - - [14/May/2014:03:46:12 +0000] "POST /displayviewsformultipleyears.php HTTP/1.1" 200 564 "http://wikipediaviews.subwiki.org/multipleyears.php" "Mozilla/5.0 (Windows NT 6.3; WOW64; rv:29.0) Gecko/20100101 Firefox/29.0"
142.254.1.233 - - [14/May/2014:03:48:54 +0000] "POST /displayviewsformultipleyears.php HTTP/1.1" 200 589 "http://wikipediaviews.subwiki.org/multipleyears.php" "Mozilla/5.0 (Windows NT 6.3; WOW64; rv:29.0) Gecko/20100101 Firefox/29.0"
14.99.8.87 - - [14/May/2014:03:59:34 +0000] "POST /displayviewsforonemonth.php HTTP/1.1" 200 460 "http://wikipediaviews.subwiki.org/" "Mozilla/5.0 (Windows NT 6.1; WOW64; Trident/7.0; rv:11.0) like Gecko"
14.99.8.87 - - [14/May/2014:03:59:46 +0000] "POST /displayviewsforonemonth.php HTTP/1.1" 200 461 "http://wikipediaviews.subwiki.org/" "Mozilla/5.0 (Windows NT 6.1; WOW64; Trident/7.0; rv:11.0) like Gecko"
14.99.8.87 - - [14/May/2014:04:02:25 +0000] "POST /displayviewsforonemonth.php HTTP/1.1" 200 476 "http://wikipediaviews.subwiki.org/" "Mozilla/5.0 (Windows NT 6.1; WOW64; Trident/7.0; rv:11.0) like Gecko"
14.99.8.87 - - [14/May/2014:04:03:11 +0000] "POST /displayviewsforonemonth.php HTTP/1.1" 200 482 "http://wikipediaviews.subwiki.org/" "Mozilla/5.0 (Windows NT 6.1; WOW64; Trident/7.0; rv:11.0) like Gecko"
14.99.8.87 - - [14/May/2014:04:11:06 +0000] "POST /displayviewsforonemonth.php HTTP/1.1" 200 476 "http://wikipediaviews.subwiki.org/" "Mozilla/5.0 (Windows NT 6.1; WOW64; Trident/7.0; rv:11.0) like Gecko"
14.99.8.87 - - [14/May/2014:04:14:59 +0000] "POST /displayviewsforonemonth.php HTTP/1.1" 200 476 "http://wikipediaviews.subwiki.org/" "Mozilla/5.0 (Windows NT 6.1; WOW64; Trident/7.0; rv:11.0) like Gecko"
71.202.143.72 - - [14/May/2014:04:17:25 +0000] "GET /multipleyears.php HTTP/1.1" 200 1687 "https://www.facebook.com/" "Mozilla/5.0 (Macintosh; Intel Mac OS X 10_9_2) AppleWebKit/537.36 (KHTML, like Gecko) Chrome/34.0.1847.131 Safari/537.36"
14.99.8.87 - - [14/May/2014:04:24:59 +0000] "GET / HTTP/1.1" 200 2392 "http://wikipediaviews.subwiki.org/displayviewsforonemonth.php" "Mozilla/5.0 (Windows NT 6.1; WOW64; Trident/7.0; rv:11.0) like Gecko"
14.99.8.87 - - [14/May/2014:04:25:30 +0000] "POST /displayviewsforonemonth.php HTTP/1.1" 200 483 "http://wikipediaviews.subwiki.org/" "Mozilla/5.0 (Windows NT 6.1; WOW64; Trident/7.0; rv:11.0) like Gecko"
14.99.8.87 - - [14/May/2014:04:26:22 +0000] "GET / HTTP/1.1" 200 2392 "http://wikipediaviews.subwiki.org/displayviewsforonemonth.php" "Mozilla/5.0 (Windows NT 6.1; WOW64; Trident/7.0; rv:11.0) like Gecko"
14.99.8.87 - - [14/May/2014:04:26:27 +0000] "POST /displayviewsforonemonth.php HTTP/1.1" 200 476 "http://wikipediaviews.subwiki.org/" "Mozilla/5.0 (Windows NT 6.1; WOW64; Trident/7.0; rv:11.0) like Gecko"
14.99.8.87 - - [14/May/2014:04:26:56 +0000] "GET / HTTP/1.1" 200 2392 "http://wikipediaviews.subwiki.org/displayviewsforonemonth.php" "Mozilla/5.0 (Windows NT 6.1; WOW64; Trident/7.0; rv:11.0) like Gecko"
14.99.8.87 - - [14/May/2014:04:27:13 +0000] "POST /displayviewsforonemonth.php HTTP/1.1" 200 460 "http://wikipediaviews.subwiki.org/" "Mozilla/5.0 (Windows NT 6.1; WOW64; Trident/7.0; rv:11.0) like Gecko"
14.99.8.87 - - [14/May/2014:04:28:39 +0000] "POST /displayviewsforonemonth.php HTTP/1.1" 200 460 "http://wikipediaviews.subwiki.org/" "Mozilla/5.0 (Windows NT 6.1; WOW64; Trident/7.0; rv:11.0) like Gecko"
14.99.8.87 - - [14/May/2014:04:29:19 +0000] "GET / HTTP/1.1" 200 2392 "http://wikipediaviews.subwiki.org/displayviewsforonemonth.php" "Mozilla/5.0 (Windows NT 6.1; WOW64; Trident/7.0; rv:11.0) like Gecko"
14.99.8.87 - - [14/May/2014:04:29:25 +0000] "POST /displayviewsforonemonth.php HTTP/1.1" 200 485 "http://wikipediaviews.subwiki.org/" "Mozilla/5.0 (Windows NT 6.1; WOW64; Trident/7.0; rv:11.0) like Gecko"
14.99.8.87 - - [14/May/2014:04:30:10 +0000] "GET / HTTP/1.1" 200 2392 "http://wikipediaviews.subwiki.org/displayviewsforonemonth.php" "Mozilla/5.0 (Windows NT 6.1; WOW64; Trident/7.0; rv:11.0) like Gecko"
14.99.8.87 - - [14/May/2014:04:30:14 +0000] "POST /displayviewsforonemonth.php HTTP/1.1" 200 490 "http://wikipediaviews.subwiki.org/" "Mozilla/5.0 (Windows NT 6.1; WOW64; Trident/7.0; rv:11.0) like Gecko"
14.99.8.87 - - [14/May/2014:04:30:34 +0000] "GET / HTTP/1.1" 200 2392 "http://wikipediaviews.subwiki.org/displayviewsforonemonth.php" "Mozilla/5.0 (Windows NT 6.1; WOW64; Trident/7.0; rv:11.0) like Gecko"
14.99.8.87 - - [14/May/2014:04:33:06 +0000] "POST /displayviewsforonemonth.php HTTP/1.1" 200 512 "http://wikipediaviews.subwiki.org/" "Mozilla/5.0 (Windows NT 6.1; WOW64; Trident/7.0; rv:11.0) like Gecko"
14.99.8.87 - - [14/May/2014:04:34:33 +0000] "GET / HTTP/1.1" 200 2392 "http://wikipediaviews.subwiki.org/displayviewsforonemonth.php" "Mozilla/5.0 (Windows NT 6.1; WOW64; Trident/7.0; rv:11.0) like Gecko"
14.99.8.87 - - [14/May/2014:04:34:34 +0000] "GET /about HTTP/1.1" 301 184 "http://wikipediaviews.subwiki.org/" "Mozilla/5.0 (Windows NT 6.1; WOW64; Trident/7.0; rv:11.0) like Gecko"
14.99.8.87 - - [14/May/2014:04:34:35 +0000] "GET /about/ HTTP/1.1" 200 1926 "http://wikipediaviews.subwiki.org/" "Mozilla/5.0 (Windows NT 6.1; WOW64; Trident/7.0; rv:11.0) like Gecko"
14.99.8.87 - - [14/May/2014:04:36:10 +0000] "GET /multiplemonths.php HTTP/1.1" 200 2583 "http://wikipediaviews.subwiki.org/about/" "Mozilla/5.0 (Windows NT 6.1; WOW64; Trident/7.0; rv:11.0) like Gecko"
14.99.8.87 - - [14/May/2014:04:36:31 +0000] "GET /multipleyears.php HTTP/1.1" 200 1687 "http://wikipediaviews.subwiki.org/multiplemonths.php" "Mozilla/5.0 (Windows NT 6.1; WOW64; Trident/7.0; rv:11.0) like Gecko"
14.99.8.87 - - [14/May/2014:04:37:27 +0000] "POST /displayviewsformultipleyears.php HTTP/1.1" 200 494 "http://wikipediaviews.subwiki.org/multipleyears.php" "Mozilla/5.0 (Windows NT 6.1; WOW64; Trident/7.0; rv:11.0) like Gecko"
142.254.1.233 - - [14/May/2014:04:56:00 +0000] "GET /multipleyears.php HTTP/1.1" 200 1687 "-" "Mozilla/5.0 (Windows NT 6.3; WOW64; rv:29.0) Gecko/20100101 Firefox/29.0"
142.254.1.233 - - [14/May/2014:04:56:35 +0000] "POST /displayviewsformultipleyears.php HTTP/1.1" 200 538 "http://wikipediaviews.subwiki.org/multipleyears.php" "Mozilla/5.0 (Windows NT 6.3; WOW64; rv:29.0) Gecko/20100101 Firefox/29.0"
148.251.6.16 - - [14/May/2014:05:04:43 +0000] "HEAD /multipleyears.php HTTP/1.1" 200 0 "-" "datagnionbot (+http://www.datagnion.com/bot.html)"
142.254.1.233 - - [14/May/2014:05:21:30 +0000] "POST /displayviewsformultipleyears.php HTTP/1.1" 200 575 "http://wikipediaviews.subwiki.org/multipleyears.php" "Mozilla/5.0 (Windows NT 6.3; WOW64; rv:29.0) Gecko/20100101 Firefox/29.0"
142.254.1.233 - - [14/May/2014:05:51:02 +0000] "GET / HTTP/1.1" 200 2392 "http://wikipediaviews.subwiki.org/multipleyears.php" "Mozilla/5.0 (Windows NT 6.3; WOW64; rv:29.0) Gecko/20100101 Firefox/29.0"
142.254.1.233 - - [14/May/2014:05:54:44 +0000] "GET /multipleyears.php HTTP/1.1" 200 1687 "http://wikipediaviews.subwiki.org/" "Mozilla/5.0 (Windows NT 6.3; WOW64; rv:29.0) Gecko/20100101 Firefox/29.0"
142.254.1.233 - - [14/May/2014:05:55:11 +0000] "GET /multipleyears.php HTTP/1.1" 200 1687 "-" "Mozilla/5.0 (Macintosh; Intel Mac OS X 10_9_2) AppleWebKit/537.36 (KHTML, like Gecko) Chrome/34.0.1847.131 Safari/537.36"
142.254.1.233 - - [14/May/2014:05:58:03 +0000] "POST /displayviewsformultipleyears.php HTTP/1.1" 504 584 "http://wikipediaviews.subwiki.org/multipleyears.php" "Mozilla/5.0 (Macintosh; Intel Mac OS X 10_9_2) AppleWebKit/537.36 (KHTML, like Gecko) Chrome/34.0.1847.131 Safari/537.36"
142.254.1.233 - - [14/May/2014:05:58:38 +0000] "POST /displayviewsformultipleyears.php HTTP/1.1" 200 479 "http://wikipediaviews.subwiki.org/multipleyears.php" "Mozilla/5.0 (Macintosh; Intel Mac OS X 10_9_2) AppleWebKit/537.36 (KHTML, like Gecko) Chrome/34.0.1847.131 Safari/537.36"
142.254.1.233 - - [14/May/2014:05:59:33 +0000] "GET /multiplemonths.php HTTP/1.1" 200 2583 "http://wikipediaviews.subwiki.org/multipleyears.php" "Mozilla/5.0 (Windows NT 6.3; WOW64; rv:29.0) Gecko/20100101 Firefox/29.0"
142.254.1.233 - - [14/May/2014:05:59:37 +0000] "GET /multipleyears.php HTTP/1.1" 200 1687 "http://wikipediaviews.subwiki.org/multiplemonths.php" "Mozilla/5.0 (Windows NT 6.3; WOW64; rv:29.0) Gecko/20100101 Firefox/29.0"
142.254.1.233 - - [14/May/2014:05:59:38 +0000] "GET /multiplemonths.php HTTP/1.1" 200 2583 "http://wikipediaviews.subwiki.org/multipleyears.php" "Mozilla/5.0 (Windows NT 6.3; WOW64; rv:29.0) Gecko/20100101 Firefox/29.0"
142.254.1.233 - - [14/May/2014:05:59:41 +0000] "GET /multiplemonths.php HTTP/1.1" 200 2583 "http://wikipediaviews.subwiki.org/multipleyears.php" "Mozilla/5.0 (Macintosh; Intel Mac OS X 10_9_2) AppleWebKit/537.36 (KHTML, like Gecko) Chrome/34.0.1847.131 Safari/537.36"
142.254.1.233 - - [14/May/2014:06:00:24 +0000] "POST /displayviewsformultiplemonths.php HTTP/1.1" 200 612 "http://wikipediaviews.subwiki.org/multiplemonths.php" "Mozilla/5.0 (Macintosh; Intel Mac OS X 10_9_2) AppleWebKit/537.36 (KHTML, like Gecko) Chrome/34.0.1847.131 Safari/537.36"
142.254.1.233 - - [14/May/2014:06:01:29 +0000] "POST /displayviewsformultiplemonths.php HTTP/1.1" 200 577 "http://wikipediaviews.subwiki.org/multiplemonths.php" "Mozilla/5.0 (Windows NT 6.3; WOW64; rv:29.0) Gecko/20100101 Firefox/29.0"
142.254.1.233 - - [14/May/2014:06:02:08 +0000] "POST /displayviewsformultiplemonths.php HTTP/1.1" 200 600 "http://wikipediaviews.subwiki.org/multiplemonths.php" "Mozilla/5.0 (Windows NT 6.3; WOW64; rv:29.0) Gecko/20100101 Firefox/29.0"
142.254.1.233 - - [14/May/2014:06:02:25 +0000] "POST /displayviewsformultiplemonths.php HTTP/1.1" 200 717 "http://wikipediaviews.subwiki.org/multiplemonths.php" "Mozilla/5.0 (Macintosh; Intel Mac OS X 10_9_2) AppleWebKit/537.36 (KHTML, like Gecko) Chrome/34.0.1847.131 Safari/537.36"
142.254.1.233 - - [14/May/2014:06:03:25 +0000] "POST /displayviewsformultiplemonths.php HTTP/1.1" 200 855 "http://wikipediaviews.subwiki.org/multiplemonths.php" "Mozilla/5.0 (Windows NT 6.3; WOW64; rv:29.0) Gecko/20100101 Firefox/29.0"
142.254.1.233 - - [14/May/2014:06:04:56 +0000] "POST /displayviewsformultiplemonths.php HTTP/1.1" 200 1354 "http://wikipediaviews.subwiki.org/multiplemonths.php" "Mozilla/5.0 (Windows NT 6.3; WOW64; rv:29.0) Gecko/20100101 Firefox/29.0"
142.254.1.233 - - [14/May/2014:06:05:26 +0000] "POST /displayviewsformultiplemonths.php HTTP/1.1" 200 1193 "http://wikipediaviews.subwiki.org/multiplemonths.php" "Mozilla/5.0 (Windows NT 6.3; WOW64; rv:29.0) Gecko/20100101 Firefox/29.0"
142.254.1.233 - - [14/May/2014:06:06:35 +0000] "POST /displayviewsformultiplemonths.php HTTP/1.1" 200 1200 "http://wikipediaviews.subwiki.org/multiplemonths.php" "Mozilla/5.0 (Windows NT 6.3; WOW64; rv:29.0) Gecko/20100101 Firefox/29.0"
142.254.1.233 - - [14/May/2014:06:08:32 +0000] "GET /multipleyears.php HTTP/1.1" 200 1687 "http://wikipediaviews.subwiki.org/multiplemonths.php" "Mozilla/5.0 (Windows NT 6.3; WOW64; rv:29.0) Gecko/20100101 Firefox/29.0"
142.254.1.233 - - [14/May/2014:06:08:58 +0000] "POST /displayviewsformultipleyears.php HTTP/1.1" 200 506 "http://wikipediaviews.subwiki.org/multipleyears.php" "Mozilla/5.0 (Windows NT 6.3; WOW64; rv:29.0) Gecko/20100101 Firefox/29.0"
142.254.1.233 - - [14/May/2014:06:09:18 +0000] "POST /displayviewsformultipleyears.php HTTP/1.1" 200 464 "http://wikipediaviews.subwiki.org/multipleyears.php" "Mozilla/5.0 (Windows NT 6.3; WOW64; rv:29.0) Gecko/20100101 Firefox/29.0"
142.254.1.233 - - [14/May/2014:06:10:06 +0000] "POST /displayviewsformultipleyears.php HTTP/1.1" 200 466 "http://wikipediaviews.subwiki.org/multipleyears.php" "Mozilla/5.0 (Windows NT 6.3; WOW64; rv:29.0) Gecko/20100101 Firefox/29.0"
142.254.1.233 - - [14/May/2014:06:10:20 +0000] "POST /displayviewsformultipleyears.php HTTP/1.1" 200 465 "http://wikipediaviews.subwiki.org/multipleyears.php" "Mozilla/5.0 (Windows NT 6.3; WOW64; rv:29.0) Gecko/20100101 Firefox/29.0"
142.254.1.233 - - [14/May/2014:06:10:34 +0000] "POST /displayviewsformultipleyears.php HTTP/1.1" 200 465 "http://wikipediaviews.subwiki.org/multipleyears.php" "Mozilla/5.0 (Windows NT 6.3; WOW64; rv:29.0) Gecko/20100101 Firefox/29.0"
142.254.1.233 - - [14/May/2014:06:10:38 +0000] "GET /multiplemonths.php HTTP/1.1" 200 2583 "http://wikipediaviews.subwiki.org/multipleyears.php" "Mozilla/5.0 (Macintosh; Intel Mac OS X 10_9_2) AppleWebKit/537.36 (KHTML, like Gecko) Chrome/34.0.1847.131 Safari/537.36"
142.254.1.233 - - [14/May/2014:06:10:48 +0000] "POST /displayviewsformultipleyears.php HTTP/1.1" 200 473 "http://wikipediaviews.subwiki.org/multipleyears.php" "Mozilla/5.0 (Windows NT 6.3; WOW64; rv:29.0) Gecko/20100101 Firefox/29.0"
