142.254.1.233 - - [21/May/2014:07:25:31 +0000] "POST /displayviewsformultipleyears.php HTTP/1.1" 200 3191 "http://wikipediaviews.subwiki.org/multipleyears.php" "Mozilla/5.0 (Windows NT 6.3; WOW64; rv:29.0) Gecko/20100101 Firefox/29.0"
142.254.1.233 - - [21/May/2014:07:25:54 +0000] "POST /displayviewsformultipleyears.php HTTP/1.1" 200 3355 "http://wikipediaviews.subwiki.org/displayviewsformultipleyears.php" "Mozilla/5.0 (Windows NT 6.3; WOW64; rv:29.0) Gecko/20100101 Firefox/29.0"
142.254.1.233 - - [21/May/2014:07:26:33 +0000] "POST /displayviewsformultipleyears.php HTTP/1.1" 200 7985 "http://wikipediaviews.subwiki.org/displayviewsformultipleyears.php" "Mozilla/5.0 (Windows NT 6.3; WOW64; rv:29.0) Gecko/20100101 Firefox/29.0"
142.254.1.233 - - [21/May/2014:07:26:58 +0000] "POST /displayviewsformultipleyears.php HTTP/1.1" 200 3056 "http://wikipediaviews.subwiki.org/displayviewsformultipleyears.php" "Mozilla/5.0 (Windows NT 6.3; WOW64; rv:29.0) Gecko/20100101 Firefox/29.0"
142.254.1.233 - - [21/May/2014:07:27:08 +0000] "POST /displayviewsformultipleyears.php HTTP/1.1" 200 3091 "http://wikipediaviews.subwiki.org/displayviewsformultipleyears.php" "Mozilla/5.0 (Windows NT 6.3; WOW64; rv:29.0) Gecko/20100101 Firefox/29.0"
142.254.1.233 - - [21/May/2014:07:45:30 +0000] "GET / HTTP/1.1" 200 3067 "-" "Mozilla/5.0 (Windows NT 6.3; WOW64; rv:29.0) Gecko/20100101 Firefox/29.0"
142.254.1.233 - - [21/May/2014:07:45:47 +0000] "POST /displayviewsforonemonth.php HTTP/1.1" 200 3091 "http://wikipediaviews.subwiki.org/" "Mozilla/5.0 (Windows NT 6.3; WOW64; rv:29.0) Gecko/20100101 Firefox/29.0"
142.254.1.233 - - [21/May/2014:07:50:24 +0000] "GET /multipleyears.php HTTP/1.1" 200 2617 "-" "Mozilla/5.0 (Windows NT 6.3; WOW64; rv:29.0) Gecko/20100101 Firefox/29.0"
142.254.1.233 - - [21/May/2014:07:50:40 +0000] "GET /multipleyears.php HTTP/1.1" 200 2617 "http://wikipediaviews.subwiki.org/multipleyears.php" "Mozilla/5.0 (Windows NT 6.3; WOW64; rv:29.0) Gecko/20100101 Firefox/29.0"
142.254.1.233 - - [21/May/2014:07:50:52 +0000] "POST /displayviewsformultipleyears.php HTTP/1.1" 200 2677 "http://wikipediaviews.subwiki.org/multipleyears.php" "Mozilla/5.0 (Windows NT 6.3; WOW64; rv:29.0) Gecko/20100101 Firefox/29.0"
142.254.1.233 - - [21/May/2014:07:51:13 +0000] "POST /displayviewsformultipleyears.php HTTP/1.1" 499 0 "http://wikipediaviews.subwiki.org/displayviewsformultipleyears.php" "Mozilla/5.0 (Windows NT 6.3; WOW64; rv:29.0) Gecko/20100101 Firefox/29.0"
142.254.1.233 - - [21/May/2014:07:51:15 +0000] "GET / HTTP/1.1" 200 3067 "http://wikipediaviews.subwiki.org/displayviewsformultipleyears.php" "Mozilla/5.0 (Windows NT 6.3; WOW64; rv:29.0) Gecko/20100101 Firefox/29.0"
142.254.1.233 - - [21/May/2014:07:51:22 +0000] "POST /displayviewsforonemonth.php HTTP/1.1" 200 3069 "http://wikipediaviews.subwiki.org/" "Mozilla/5.0 (Windows NT 6.3; WOW64; rv:29.0) Gecko/20100101 Firefox/29.0"
142.254.1.233 - - [21/May/2014:07:51:34 +0000] "GET /multipleyears.php HTTP/1.1" 200 2617 "http://wikipediaviews.subwiki.org/displayviewsforonemonth.php" "Mozilla/5.0 (Windows NT 6.3; WOW64; rv:29.0) Gecko/20100101 Firefox/29.0"
142.254.1.233 - - [21/May/2014:07:51:47 +0000] "POST /displayviewsformultipleyears.php HTTP/1.1" 200 2702 "http://wikipediaviews.subwiki.org/multipleyears.php" "Mozilla/5.0 (Windows NT 6.3; WOW64; rv:29.0) Gecko/20100101 Firefox/29.0"
142.254.1.233 - - [21/May/2014:07:56:57 +0000] "POST /displayviewsformultipleyears.php HTTP/1.1" 200 2965 "http://wikipediaviews.subwiki.org/displayviewsformultipleyears.php" "Mozilla/5.0 (Windows NT 6.3; WOW64; rv:29.0) Gecko/20100101 Firefox/29.0"
199.188.192.144 - - [22/May/2014:00:52:39 +0000] "GET / HTTP/1.1" 200 3067 "-" "Mozilla/5.0 (Windows NT 6.3; WOW64; rv:29.0) Gecko/20100101 Firefox/29.0"
199.188.192.144 - - [22/May/2014:00:52:44 +0000] "POST /displayviewsforonemonth.php HTTP/1.1" 200 3553 "http://wikipediaviews.subwiki.org/" "Mozilla/5.0 (Windows NT 6.3; WOW64; rv:29.0) Gecko/20100101 Firefox/29.0"
199.188.192.144 - - [22/May/2014:00:52:50 +0000] "POST /displayviewsforonemonth.php HTTP/1.1" 200 3196 "http://wikipediaviews.subwiki.org/" "Mozilla/5.0 (Windows NT 6.3; WOW64; rv:29.0) Gecko/20100101 Firefox/29.0"
199.188.192.144 - - [22/May/2014:00:52:54 +0000] "GET /multipleyears.php HTTP/1.1" 200 2617 "http://wikipediaviews.subwiki.org/displayviewsforonemonth.php" "Mozilla/5.0 (Windows NT 6.3; WOW64; rv:29.0) Gecko/20100101 Firefox/29.0"
199.188.192.144 - - [22/May/2014:00:53:08 +0000] "POST /displayviewsformultipleyears.php HTTP/1.1" 200 3043 "http://wikipediaviews.subwiki.org/multipleyears.php" "Mozilla/5.0 (Windows NT 6.3; WOW64; rv:29.0) Gecko/20100101 Firefox/29.0"
199.188.192.144 - - [22/May/2014:01:06:18 +0000] "POST /displayviewsformultipleyears.php HTTP/1.1" 200 3756 "http://wikipediaviews.subwiki.org/displayviewsformultipleyears.php" "Mozilla/5.0 (Windows NT 6.3; WOW64; rv:29.0) Gecko/20100101 Firefox/29.0"
142.254.1.233 - - [22/May/2014:02:42:11 +0000] "GET / HTTP/1.1" 200 3067 "-" "Mozilla/5.0 (Windows NT 6.3; WOW64; rv:29.0) Gecko/20100101 Firefox/29.0"
142.254.1.233 - - [22/May/2014:02:42:16 +0000] "POST /displayviewsforonemonth.php HTTP/1.1" 200 3553 "http://wikipediaviews.subwiki.org/" "Mozilla/5.0 (Windows NT 6.3; WOW64; rv:29.0) Gecko/20100101 Firefox/29.0"
142.254.1.233 - - [22/May/2014:02:47:41 +0000] "GET / HTTP/1.1" 200 3067 "-" "Mozilla/5.0 (Windows NT 6.3; WOW64; rv:29.0) Gecko/20100101 Firefox/29.0"
142.254.1.233 - - [22/May/2014:03:57:12 +0000] "POST /displayviewsforonemonth.php HTTP/1.1" 200 3220 "http://wikipediaviews.subwiki.org/" "Mozilla/5.0 (Windows NT 6.3; WOW64; rv:29.0) Gecko/20100101 Firefox/29.0"
142.254.1.233 - - [22/May/2014:03:57:33 +0000] "POST /displayviewsforonemonth.php HTTP/1.1" 200 4226 "http://wikipediaviews.subwiki.org/displayviewsforonemonth.php" "Mozilla/5.0 (Windows NT 6.3; WOW64; rv:29.0) Gecko/20100101 Firefox/29.0"
142.254.1.233 - - [22/May/2014:03:57:39 +0000] "GET /multipleyears.php HTTP/1.1" 200 2617 "http://wikipediaviews.subwiki.org/displayviewsforonemonth.php" "Mozilla/5.0 (Windows NT 6.3; WOW64; rv:29.0) Gecko/20100101 Firefox/29.0"
142.254.1.233 - - [22/May/2014:03:57:56 +0000] "POST /displayviewsformultipleyears.php HTTP/1.1" 200 5140 "http://wikipediaviews.subwiki.org/multipleyears.php" "Mozilla/5.0 (Windows NT 6.3; WOW64; rv:29.0) Gecko/20100101 Firefox/29.0"
142.254.1.233 - - [22/May/2014:04:04:34 +0000] "POST /displayviewsformultipleyears.php HTTP/1.1" 200 3091 "http://wikipediaviews.subwiki.org/displayviewsformultipleyears.php" "Mozilla/5.0 (Windows NT 6.3; WOW64; rv:29.0) Gecko/20100101 Firefox/29.0"
142.254.1.233 - - [22/May/2014:04:17:34 +0000] "GET /multipleyears.php HTTP/1.1" 200 2617 "http://wikipediaviews.subwiki.org/displayviewsformultipleyears.php" "Mozilla/5.0 (Windows NT 6.3; WOW64; rv:29.0) Gecko/20100101 Firefox/29.0"
142.254.1.233 - - [22/May/2014:04:17:41 +0000] "POST /displayviewsformultipleyears.php HTTP/1.1" 200 3409 "http://wikipediaviews.subwiki.org/multipleyears.php" "Mozilla/5.0 (Windows NT 6.3; WOW64; rv:29.0) Gecko/20100101 Firefox/29.0"
142.254.1.233 - - [22/May/2014:04:33:17 +0000] "GET /logs/error.log HTTP/1.1" 200 1348781 "-" "Mozilla/5.0 (Windows NT 6.3; WOW64; rv:29.0) Gecko/20100101 Firefox/29.0"
128.122.183.75 - - [23/May/2014:14:57:16 +0000] "GET /multipleyears.php HTTP/1.1" 200 2750 "-" "Mozilla/5.0 (Windows NT 6.1; WOW64) AppleWebKit/537.36 (KHTML, like Gecko) Chrome/34.0.1847.131 Safari/537.36"
128.122.183.75 - - [23/May/2014:14:59:09 +0000] "POST /displayviewsformultipleyears.php HTTP/1.1" 200 6651 "http://wikipediaviews.subwiki.org/multipleyears.php" "Mozilla/5.0 (Windows NT 6.1; WOW64) AppleWebKit/537.36 (KHTML, like Gecko) Chrome/34.0.1847.131 Safari/537.36"
142.254.1.233 - - [23/May/2014:15:03:56 +0000] "GET / HTTP/1.1" 200 3196 "-" "Mozilla/5.0 (Windows NT 6.3; WOW64; rv:29.0) Gecko/20100101 Firefox/29.0"
142.254.1.233 - - [23/May/2014:15:04:07 +0000] "POST /displayviewsforonemonth.php HTTP/1.1" 200 3197 "http://wikipediaviews.subwiki.org/" "Mozilla/5.0 (Windows NT 6.3; WOW64; rv:29.0) Gecko/20100101 Firefox/29.0"
142.254.1.233 - - [23/May/2014:15:04:11 +0000] "GET /multipleyears.php HTTP/1.1" 200 2750 "http://wikipediaviews.subwiki.org/displayviewsforonemonth.php" "Mozilla/5.0 (Windows NT 6.3; WOW64; rv:29.0) Gecko/20100101 Firefox/29.0"
74.86.158.106 - - [23/May/2014:15:14:04 +0000] "HEAD / HTTP/1.1" 200 0 "-" "Mozilla/5.0+(compatible; UptimeRobot/2.0; http://www.uptimerobot.com/)"
74.86.158.106 - - [23/May/2014:15:19:04 +0000] "HEAD / HTTP/1.1" 200 0 "-" "Mozilla/5.0+(compatible; UptimeRobot/2.0; http://www.uptimerobot.com/)"
78.50.54.137 - - [23/May/2014:15:19:51 +0000] "GET /multipleyears.php HTTP/1.1" 200 2750 "https://www.facebook.com/" "Mozilla/5.0 (Windows NT 6.1; WOW64) AppleWebKit/537.36 (KHTML, like Gecko) Chrome/35.0.1916.114 Safari/537.36"
74.86.158.106 - - [23/May/2014:15:23:39 +0000] "HEAD / HTTP/1.1" 200 0 "-" "Mozilla/5.0+(compatible; UptimeRobot/2.0; http://www.uptimerobot.com/)"
142.254.1.233 - - [23/May/2014:15:27:19 +0000] "GET / HTTP/1.1" 200 3196 "-" "Mozilla/5.0 (Windows NT 6.3; WOW64; rv:29.0) Gecko/20100101 Firefox/29.0"
142.254.1.233 - - [23/May/2014:15:27:35 +0000] "POST /displayviewsforonemonth.php HTTP/1.1" 200 3195 "http://wikipediaviews.subwiki.org/" "Mozilla/5.0 (Windows NT 6.3; WOW64; rv:29.0) Gecko/20100101 Firefox/29.0"
142.254.1.233 - - [23/May/2014:15:28:17 +0000] "GET /multipleyears.php HTTP/1.1" 200 2750 "http://wikipediaviews.subwiki.org/displayviewsforonemonth.php" "Mozilla/5.0 (Windows NT 6.3; WOW64; rv:29.0) Gecko/20100101 Firefox/29.0"
142.254.1.233 - - [23/May/2014:15:28:30 +0000] "POST /displayviewsformultipleyears.php HTTP/1.1" 500 324 "http://wikipediaviews.subwiki.org/multipleyears.php" "Mozilla/5.0 (Windows NT 6.3; WOW64; rv:29.0) Gecko/20100101 Firefox/29.0"
74.86.158.106 - - [23/May/2014:15:28:40 +0000] "HEAD / HTTP/1.1" 200 0 "-" "Mozilla/5.0+(compatible; UptimeRobot/2.0; http://www.uptimerobot.com/)"
142.254.1.233 - - [23/May/2014:15:29:07 +0000] "POST /displayviewsformultipleyears.php HTTP/1.1" 200 2894 "http://wikipediaviews.subwiki.org/multipleyears.php" "Mozilla/5.0 (Windows NT 6.3; WOW64; rv:29.0) Gecko/20100101 Firefox/29.0"
74.86.158.106 - - [23/May/2014:15:29:10 +0000] "HEAD / HTTP/1.1" 200 0 "-" "Mozilla/5.0+(compatible; UptimeRobot/2.0; http://www.uptimerobot.com/)"
142.254.1.233 - - [23/May/2014:15:30:02 +0000] "GET / HTTP/1.1" 200 3196 "http://wikipediaviews.subwiki.org/displayviewsformultipleyears.php" "Mozilla/5.0 (Windows NT 6.3; WOW64; rv:29.0) Gecko/20100101 Firefox/29.0"
142.254.1.233 - - [23/May/2014:15:30:16 +0000] "POST /displayviewsforonemonth.php HTTP/1.1" 200 3298 "http://wikipediaviews.subwiki.org/" "Mozilla/5.0 (Windows NT 6.3; WOW64; rv:29.0) Gecko/20100101 Firefox/29.0"
142.254.1.233 - - [23/May/2014:15:30:32 +0000] "GET /multipleyears.php HTTP/1.1" 200 2750 "http://wikipediaviews.subwiki.org/displayviewsforonemonth.php" "Mozilla/5.0 (Windows NT 6.3; WOW64; rv:29.0) Gecko/20100101 Firefox/29.0"
142.254.1.233 - - [23/May/2014:15:31:35 +0000] "POST /displayviewsformultipleyears.php HTTP/1.1" 200 3289 "http://wikipediaviews.subwiki.org/multipleyears.php" "Mozilla/5.0 (Windows NT 6.3; WOW64; rv:29.0) Gecko/20100101 Firefox/29.0"
142.254.1.233 - - [23/May/2014:15:32:22 +0000] "POST /displayviewsformultipleyears.php HTTP/1.1" 200 3309 "http://wikipediaviews.subwiki.org/displayviewsformultipleyears.php" "Mozilla/5.0 (Windows NT 6.3; WOW64; rv:29.0) Gecko/20100101 Firefox/29.0"
142.254.1.233 - - [23/May/2014:15:32:29 +0000] "POST /displayviewsformultipleyears.php HTTP/1.1" 200 3285 "http://wikipediaviews.subwiki.org/displayviewsformultipleyears.php" "Mozilla/5.0 (Windows NT 6.3; WOW64; rv:29.0) Gecko/20100101 Firefox/29.0"
142.254.1.233 - - [23/May/2014:15:32:47 +0000] "POST /displayviewsformultipleyears.php HTTP/1.1" 200 3469 "http://wikipediaviews.subwiki.org/displayviewsformultipleyears.php" "Mozilla/5.0 (Windows NT 6.3; WOW64; rv:29.0) Gecko/20100101 Firefox/29.0"
142.254.1.233 - - [23/May/2014:15:33:36 +0000] "GET / HTTP/1.1" 200 3196 "http://wikipediaviews.subwiki.org/displayviewsformultipleyears.php" "Mozilla/5.0 (Windows NT 6.3; WOW64; rv:29.0) Gecko/20100101 Firefox/29.0"
142.254.1.233 - - [23/May/2014:15:33:43 +0000] "POST /displayviewsforonemonth.php HTTP/1.1" 200 3199 "http://wikipediaviews.subwiki.org/" "Mozilla/5.0 (Windows NT 6.3; WOW64; rv:29.0) Gecko/20100101 Firefox/29.0"
142.254.1.233 - - [23/May/2014:15:33:50 +0000] "GET /multipleyears.php HTTP/1.1" 200 2750 "http://wikipediaviews.subwiki.org/displayviewsforonemonth.php" "Mozilla/5.0 (Windows NT 6.3; WOW64; rv:29.0) Gecko/20100101 Firefox/29.0"
142.254.1.233 - - [23/May/2014:15:34:04 +0000] "POST /displayviewsformultipleyears.php HTTP/1.1" 200 2916 "http://wikipediaviews.subwiki.org/multipleyears.php" "Mozilla/5.0 (Windows NT 6.3; WOW64; rv:29.0) Gecko/20100101 Firefox/29.0"
142.254.1.233 - - [23/May/2014:15:36:26 +0000] "POST /displayviewsformultipleyears.php HTTP/1.1" 200 3056 "http://wikipediaviews.subwiki.org/displayviewsformultipleyears.php" "Mozilla/5.0 (Windows NT 6.3; WOW64; rv:29.0) Gecko/20100101 Firefox/29.0"
142.254.1.233 - - [23/May/2014:15:37:17 +0000] "POST /displayviewsformultipleyears.php HTTP/1.1" 200 3095 "http://wikipediaviews.subwiki.org/displayviewsformultipleyears.php" "Mozilla/5.0 (Windows NT 6.3; WOW64; rv:29.0) Gecko/20100101 Firefox/29.0"
142.254.1.233 - - [23/May/2014:15:38:36 +0000] "GET /multipleyears.php HTTP/1.1" 200 2750 "http://wikipediaviews.subwiki.org/displayviewsformultipleyears.php" "Mozilla/5.0 (Windows NT 6.3; WOW64; rv:29.0) Gecko/20100101 Firefox/29.0"
142.254.1.233 - - [23/May/2014:15:39:37 +0000] "POST /displayviewsformultipleyears.php HTTP/1.1" 200 3032 "http://wikipediaviews.subwiki.org/multipleyears.php" "Mozilla/5.0 (Windows NT 6.3; WOW64; rv:29.0) Gecko/20100101 Firefox/29.0"
142.254.1.233 - - [23/May/2014:15:41:51 +0000] "POST /displayviewsformultipleyears.php HTTP/1.1" 200 3058 "http://wikipediaviews.subwiki.org/displayviewsformultipleyears.php" "Mozilla/5.0 (Windows NT 6.3; WOW64; rv:29.0) Gecko/20100101 Firefox/29.0"
142.254.1.233 - - [23/May/2014:15:47:54 +0000] "GET / HTTP/1.1" 200 3196 "-" "Mozilla/5.0 (Windows NT 6.3; WOW64; rv:29.0) Gecko/20100101 Firefox/29.0"
142.254.1.233 - - [23/May/2014:15:48:15 +0000] "POST /displayviewsforonemonth.php HTTP/1.1" 200 3262 "http://wikipediaviews.subwiki.org/" "Mozilla/5.0 (Windows NT 6.3; WOW64; rv:29.0) Gecko/20100101 Firefox/29.0"
142.254.1.233 - - [23/May/2014:15:48:18 +0000] "GET /multipleyears.php HTTP/1.1" 200 2750 "http://wikipediaviews.subwiki.org/displayviewsforonemonth.php" "Mozilla/5.0 (Windows NT 6.3; WOW64; rv:29.0) Gecko/20100101 Firefox/29.0"
142.254.1.233 - - [23/May/2014:15:49:09 +0000] "GET /about/ HTTP/1.1" 200 2042 "http://wikipediaviews.subwiki.org/multipleyears.php" "Mozilla/5.0 (Windows NT 6.3; WOW64; rv:29.0) Gecko/20100101 Firefox/29.0"
142.254.1.233 - - [23/May/2014:15:49:20 +0000] "POST /displayviewsformultipleyears.php HTTP/1.1" 200 3076 "http://wikipediaviews.subwiki.org/multipleyears.php" "Mozilla/5.0 (Windows NT 6.3; WOW64; rv:29.0) Gecko/20100101 Firefox/29.0"
142.254.1.233 - - [23/May/2014:15:49:26 +0000] "GET /logs/access.log HTTP/1.1" 200 464185 "-" "Mozilla/5.0 (Windows NT 6.3; WOW64; rv:29.0) Gecko/20100101 Firefox/29.0"
142.254.1.233 - - [23/May/2014:15:51:57 +0000] "GET / HTTP/1.1" 200 3196 "-" "Mozilla/5.0 (Windows NT 6.3; WOW64; rv:29.0) Gecko/20100101 Firefox/29.0"
142.254.1.233 - - [23/May/2014:15:52:31 +0000] "POST /displayviewsforonemonth.php HTTP/1.1" 200 3198 "http://wikipediaviews.subwiki.org/" "Mozilla/5.0 (Windows NT 6.3; WOW64; rv:29.0) Gecko/20100101 Firefox/29.0"
142.254.1.233 - - [23/May/2014:15:56:24 +0000] "GET / HTTP/1.1" 200 3196 "http://wikipediaviews.subwiki.org/displayviewsformultipleyears.php" "Mozilla/5.0 (Windows NT 6.3; WOW64; rv:29.0) Gecko/20100101 Firefox/29.0"
142.254.1.233 - - [23/May/2014:15:56:39 +0000] "POST /displayviewsforonemonth.php HTTP/1.1" 200 3200 "http://wikipediaviews.subwiki.org/" "Mozilla/5.0 (Windows NT 6.3; WOW64; rv:29.0) Gecko/20100101 Firefox/29.0"
142.254.1.233 - - [23/May/2014:15:57:10 +0000] "GET /multipleyears.php HTTP/1.1" 200 2750 "http://wikipediaviews.subwiki.org/displayviewsforonemonth.php" "Mozilla/5.0 (Windows NT 6.3; WOW64; rv:29.0) Gecko/20100101 Firefox/29.0"
142.254.1.233 - - [23/May/2014:15:57:17 +0000] "POST /displayviewsformultipleyears.php HTTP/1.1" 200 2910 "http://wikipediaviews.subwiki.org/multipleyears.php" "Mozilla/5.0 (Windows NT 6.3; WOW64; rv:29.0) Gecko/20100101 Firefox/29.0"
142.254.1.233 - - [23/May/2014:15:57:25 +0000] "GET /logs HTTP/1.1" 301 184 "-" "Mozilla/5.0 (Windows NT 6.3; WOW64; rv:29.0) Gecko/20100101 Firefox/29.0"
142.254.1.233 - - [23/May/2014:15:57:25 +0000] "GET /logs/ HTTP/1.1" 200 3196 "-" "Mozilla/5.0 (Windows NT 6.3; WOW64; rv:29.0) Gecko/20100101 Firefox/29.0"
142.254.1.233 - - [23/May/2014:15:57:30 +0000] "GET /logs/logs/ HTTP/1.1" 200 3196 "-" "Mozilla/5.0 (Windows NT 6.3; WOW64; rv:29.0) Gecko/20100101 Firefox/29.0"
142.254.1.233 - - [23/May/2014:15:57:35 +0000] "GET /logs/access.log HTTP/1.1" 200 3196 "-" "Mozilla/5.0 (Windows NT 6.3; WOW64; rv:29.0) Gecko/20100101 Firefox/29.0"
66.7.208.15 - - [23/May/2014:16:09:57 +0000] "GET / HTTP/1.1" 200 3196 "http://www.pagescoring.com/website-speed-test/" "Mozilla/5.0 (Windows NT 6.1; WOW64; rv:25.0) Gecko/20100101 Firefox/25.0"
66.7.208.15 - - [23/May/2014:16:10:05 +0000] "GET /multipleyears.php HTTP/1.1" 200 2750 "http://www.pagescoring.com/website-speed-test/" "Mozilla/5.0 (Windows NT 6.1; WOW64; rv:25.0) Gecko/20100101 Firefox/25.0"
142.254.1.233 - - [23/May/2014:16:14:58 +0000] "GET / HTTP/1.1" 200 3196 "-" "Mozilla/5.0 (Windows NT 6.3; WOW64; rv:29.0) Gecko/20100101 Firefox/29.0"
142.254.1.233 - - [23/May/2014:16:15:10 +0000] "POST /displayviewsforonemonth.php HTTP/1.1" 200 3308 "http://wikipediaviews.subwiki.org/" "Mozilla/5.0 (Windows NT 6.3; WOW64; rv:29.0) Gecko/20100101 Firefox/29.0"
142.254.1.233 - - [23/May/2014:16:15:14 +0000] "GET /multiplemonths.php HTTP/1.1" 200 3740 "http://wikipediaviews.subwiki.org/displayviewsforonemonth.php" "Mozilla/5.0 (Windows NT 6.3; WOW64; rv:29.0) Gecko/20100101 Firefox/29.0"
142.254.1.233 - - [23/May/2014:16:16:24 +0000] "POST /displayviewsformultiplemonths.php HTTP/1.1" 200 6351 "http://wikipediaviews.subwiki.org/multiplemonths.php" "Mozilla/5.0 (Windows NT 6.3; WOW64; rv:29.0) Gecko/20100101 Firefox/29.0"
142.254.1.233 - - [23/May/2014:16:16:56 +0000] "POST /displayviewsformultiplemonths.php HTTP/1.1" 200 6940 "http://wikipediaviews.subwiki.org/displayviewsformultiplemonths.php" "Mozilla/5.0 (Windows NT 6.3; WOW64; rv:29.0) Gecko/20100101 Firefox/29.0"
142.254.1.233 - - [23/May/2014:16:19:49 +0000] "GET / HTTP/1.1" 200 3196 "http://wikipediaviews.subwiki.org/displayviewsformultiplemonths.php" "Mozilla/5.0 (Windows NT 6.3; WOW64; rv:29.0) Gecko/20100101 Firefox/29.0"
74.86.158.106 - - [23/May/2014:16:29:10 +0000] "HEAD / HTTP/1.1" 200 0 "-" "Mozilla/5.0+(compatible; UptimeRobot/2.0; http://www.uptimerobot.com/)"
66.249.73.127 - - [23/May/2014:17:13:15 +0000] "GET /robots.txt HTTP/1.1" 200 3196 "-" "Mozilla/5.0 (compatible; Googlebot/2.1; +http://www.google.com/bot.html)"
66.249.73.127 - - [23/May/2014:17:13:15 +0000] "GET /multipleyears.php HTTP/1.1" 200 2750 "-" "Mozilla/5.0 (compatible; Googlebot/2.1; +http://www.google.com/bot.html)"
66.249.73.127 - - [23/May/2014:17:18:19 +0000] "GET / HTTP/1.1" 200 3196 "-" "Mozilla/5.0 (compatible; Googlebot/2.1; +http://www.google.com/bot.html)"
66.249.73.127 - - [23/May/2014:17:23:44 +0000] "GET /about HTTP/1.1" 301 184 "-" "Mozilla/5.0 (compatible; Googlebot/2.1; +http://www.google.com/bot.html)"
66.249.73.127 - - [23/May/2014:17:23:45 +0000] "GET /about/ HTTP/1.1" 200 2042 "-" "Mozilla/5.0 (compatible; Googlebot/2.1; +http://www.google.com/bot.html)"
66.249.73.127 - - [23/May/2014:17:27:14 +0000] "GET /multiplemonths.php HTTP/1.1" 200 3740 "-" "Mozilla/5.0 (compatible; Googlebot/2.1; +http://www.google.com/bot.html)"
74.86.158.106 - - [23/May/2014:17:29:10 +0000] "HEAD / HTTP/1.1" 200 0 "-" "Mozilla/5.0+(compatible; UptimeRobot/2.0; http://www.uptimerobot.com/)"
66.249.73.127 - - [23/May/2014:17:30:17 +0000] "GET /taginput.php HTTP/1.1" 200 2048 "-" "Mozilla/5.0 (compatible; Googlebot/2.1; +http://www.google.com/bot.html)"
74.86.158.106 - - [23/May/2014:18:29:10 +0000] "HEAD / HTTP/1.1" 200 0 "-" "Mozilla/5.0+(compatible; UptimeRobot/2.0; http://www.uptimerobot.com/)"
142.254.1.233 - - [23/May/2014:18:36:27 +0000] "GET / HTTP/1.1" 200 3196 "-" "Mozilla/5.0 (Windows NT 6.3; WOW64; rv:29.0) Gecko/20100101 Firefox/29.0"
142.254.1.233 - - [23/May/2014:18:37:51 +0000] "POST /displayviewsforonemonth.php HTTP/1.1" 200 3204 "http://wikipediaviews.subwiki.org/" "Mozilla/5.0 (Windows NT 6.3; WOW64; rv:29.0) Gecko/20100101 Firefox/29.0"
142.254.1.233 - - [23/May/2014:18:37:54 +0000] "GET /multipleyears.php HTTP/1.1" 200 2750 "http://wikipediaviews.subwiki.org/displayviewsforonemonth.php" "Mozilla/5.0 (Windows NT 6.3; WOW64; rv:29.0) Gecko/20100101 Firefox/29.0"
142.254.1.233 - - [23/May/2014:18:38:38 +0000] "POST /displayviewsformultipleyears.php HTTP/1.1" 200 2898 "http://wikipediaviews.subwiki.org/multipleyears.php" "Mozilla/5.0 (Windows NT 6.3; WOW64; rv:29.0) Gecko/20100101 Firefox/29.0"
142.254.1.233 - - [23/May/2014:18:39:02 +0000] "POST /displayviewsformultipleyears.php HTTP/1.1" 499 0 "http://wikipediaviews.subwiki.org/displayviewsformultipleyears.php" "Mozilla/5.0 (Windows NT 6.3; WOW64; rv:29.0) Gecko/20100101 Firefox/29.0"
142.254.1.233 - - [23/May/2014:18:40:38 +0000] "GET /multiplemonths.php HTTP/1.1" 200 3740 "http://wikipediaviews.subwiki.org/displayviewsformultipleyears.php" "Mozilla/5.0 (Windows NT 6.3; WOW64; rv:29.0) Gecko/20100101 Firefox/29.0"
142.254.1.233 - - [23/May/2014:18:40:53 +0000] "POST /displayviewsformultiplemonths.php HTTP/1.1" 200 4515 "http://wikipediaviews.subwiki.org/multiplemonths.php" "Mozilla/5.0 (Windows NT 6.3; WOW64; rv:29.0) Gecko/20100101 Firefox/29.0"
142.254.1.233 - - [23/May/2014:18:41:00 +0000] "POST /displayviewsformultiplemonths.php HTTP/1.1" 200 4477 "http://wikipediaviews.subwiki.org/displayviewsformultiplemonths.php" "Mozilla/5.0 (Windows NT 6.3; WOW64; rv:29.0) Gecko/20100101 Firefox/29.0"
142.254.1.233 - - [23/May/2014:18:53:21 +0000] "GET / HTTP/1.1" 200 3196 "-" "Mozilla/5.0 (Windows NT 6.3; WOW64; rv:29.0) Gecko/20100101 Firefox/29.0"
142.254.1.233 - - [23/May/2014:18:53:46 +0000] "GET /taginput.php HTTP/1.1" 200 2048 "-" "Mozilla/5.0 (Windows NT 6.3; WOW64; rv:29.0) Gecko/20100101 Firefox/29.0"
142.254.1.233 - - [23/May/2014:18:53:54 +0000] "POST /tagprocess.php HTTP/1.1" 200 194 "http://wikipediaviews.subwiki.org/taginput.php" "Mozilla/5.0 (Windows NT 6.3; WOW64; rv:29.0) Gecko/20100101 Firefox/29.0"
142.254.1.233 - - [23/May/2014:18:53:57 +0000] "GET /multipleyears.php HTTP/1.1" 200 2766 "http://wikipediaviews.subwiki.org/taginput.php" "Mozilla/5.0 (Windows NT 6.3; WOW64; rv:29.0) Gecko/20100101 Firefox/29.0"
142.254.1.233 - - [23/May/2014:18:54:15 +0000] "GET /multipleyears.php HTTP/1.1" 200 2766 "http://wikipediaviews.subwiki.org/multipleyears.php" "Mozilla/5.0 (Windows NT 6.3; WOW64; rv:29.0) Gecko/20100101 Firefox/29.0"
142.254.1.233 - - [23/May/2014:18:54:25 +0000] "POST /displayviewsformultipleyears.php HTTP/1.1" 200 3517 "http://wikipediaviews.subwiki.org/multipleyears.php" "Mozilla/5.0 (Windows NT 6.3; WOW64; rv:29.0) Gecko/20100101 Firefox/29.0"
142.254.1.233 - - [23/May/2014:18:54:33 +0000] "GET /taginput.php HTTP/1.1" 200 2063 "-" "Mozilla/5.0 (Windows NT 6.3; WOW64; rv:29.0) Gecko/20100101 Firefox/29.0"
142.254.1.233 - - [23/May/2014:18:54:53 +0000] "POST /tagprocess.php HTTP/1.1" 200 194 "http://wikipediaviews.subwiki.org/taginput.php" "Mozilla/5.0 (Windows NT 6.3; WOW64; rv:29.0) Gecko/20100101 Firefox/29.0"
142.254.1.233 - - [23/May/2014:18:54:56 +0000] "GET /multipleyears.php HTTP/1.1" 200 2766 "http://wikipediaviews.subwiki.org/taginput.php" "Mozilla/5.0 (Windows NT 6.3; WOW64; rv:29.0) Gecko/20100101 Firefox/29.0"
142.254.1.233 - - [23/May/2014:18:55:03 +0000] "POST /displayviewsformultipleyears.php HTTP/1.1" 200 2949 "http://wikipediaviews.subwiki.org/multipleyears.php" "Mozilla/5.0 (Windows NT 6.3; WOW64; rv:29.0) Gecko/20100101 Firefox/29.0"
142.254.1.233 - - [23/May/2014:18:55:14 +0000] "GET /multipleyears.php HTTP/1.1" 200 2766 "http://wikipediaviews.subwiki.org/displayviewsformultipleyears.php" "Mozilla/5.0 (Windows NT 6.3; WOW64; rv:29.0) Gecko/20100101 Firefox/29.0"
142.254.1.233 - - [23/May/2014:19:06:07 +0000] "POST /displayviewsformultipleyears.php HTTP/1.1" 200 3386 "http://wikipediaviews.subwiki.org/multipleyears.php" "Mozilla/5.0 (Windows NT 6.3; WOW64; rv:29.0) Gecko/20100101 Firefox/29.0"
74.86.158.106 - - [23/May/2014:19:29:10 +0000] "HEAD / HTTP/1.1" 200 0 "-" "Mozilla/5.0+(compatible; UptimeRobot/2.0; http://www.uptimerobot.com/)"
74.86.158.106 - - [23/May/2014:20:29:10 +0000] "HEAD / HTTP/1.1" 200 0 "-" "Mozilla/5.0+(compatible; UptimeRobot/2.0; http://www.uptimerobot.com/)"
74.86.158.106 - - [23/May/2014:21:29:11 +0000] "HEAD / HTTP/1.1" 200 0 "-" "Mozilla/5.0+(compatible; UptimeRobot/2.0; http://www.uptimerobot.com/)"
74.86.158.106 - - [23/May/2014:22:29:10 +0000] "HEAD / HTTP/1.1" 200 0 "-" "Mozilla/5.0+(compatible; UptimeRobot/2.0; http://www.uptimerobot.com/)"
173.252.110.115 - - [23/May/2014:23:03:13 +0000] "GET /multiplemonths.php?fb_locale=ja_JP HTTP/1.1" 200 3756 "-" "facebookexternalhit/1.1 (+http://www.facebook.com/externalhit_uatext.php)"
173.252.110.116 - - [23/May/2014:23:03:13 +0000] "GET /multipleyears.php?fb_locale=ja_JP HTTP/1.1" 200 2766 "-" "facebookexternalhit/1.1 (+http://www.facebook.com/externalhit_uatext.php)"
74.86.158.106 - - [23/May/2014:23:32:17 +0000] "HEAD / HTTP/1.1" 200 0 "-" "Mozilla/5.0+(compatible; UptimeRobot/2.0; http://www.uptimerobot.com/)"
74.86.158.106 - - [24/May/2014:00:32:15 +0000] "HEAD / HTTP/1.1" 200 0 "-" "Mozilla/5.0+(compatible; UptimeRobot/2.0; http://www.uptimerobot.com/)"
173.164.181.229 - - [24/May/2014:00:45:37 +0000] "GET / HTTP/1.1" 200 3214 "-" "Mozilla/5.0 (Windows NT 6.3; WOW64; rv:29.0) Gecko/20100101 Firefox/29.0"
173.164.181.229 - - [24/May/2014:00:45:43 +0000] "POST /displayviewsforonemonth.php HTTP/1.1" 200 3208 "http://wikipediaviews.subwiki.org/" "Mozilla/5.0 (Windows NT 6.3; WOW64; rv:29.0) Gecko/20100101 Firefox/29.0"
173.164.181.229 - - [24/May/2014:00:45:47 +0000] "GET /multipleyears.php HTTP/1.1" 200 2766 "http://wikipediaviews.subwiki.org/displayviewsforonemonth.php" "Mozilla/5.0 (Windows NT 6.3; WOW64; rv:29.0) Gecko/20100101 Firefox/29.0"
173.164.181.229 - - [24/May/2014:00:46:37 +0000] "POST /displayviewsformultipleyears.php HTTP/1.1" 200 2888 "http://wikipediaviews.subwiki.org/multipleyears.php" "Mozilla/5.0 (Windows NT 6.3; WOW64; rv:29.0) Gecko/20100101 Firefox/29.0"
173.164.181.229 - - [24/May/2014:00:54:17 +0000] "GET / HTTP/1.1" 200 3214 "-" "Mozilla/5.0 (Windows NT 6.3; WOW64; rv:29.0) Gecko/20100101 Firefox/29.0"
173.164.181.229 - - [24/May/2014:00:54:22 +0000] "GET /multipleyears.php HTTP/1.1" 200 2766 "http://wikipediaviews.subwiki.org/" "Mozilla/5.0 (Windows NT 6.3; WOW64; rv:29.0) Gecko/20100101 Firefox/29.0"
173.164.181.229 - - [24/May/2014:00:54:29 +0000] "POST /displayviewsformultipleyears.php HTTP/1.1" 200 2791 "http://wikipediaviews.subwiki.org/multipleyears.php" "Mozilla/5.0 (Windows NT 6.3; WOW64; rv:29.0) Gecko/20100101 Firefox/29.0"
173.164.181.229 - - [24/May/2014:00:55:04 +0000] "POST /displayviewsformultipleyears.php HTTP/1.1" 200 2770 "http://wikipediaviews.subwiki.org/displayviewsformultipleyears.php" "Mozilla/5.0 (Windows NT 6.3; WOW64; rv:29.0) Gecko/20100101 Firefox/29.0"
173.164.181.229 - - [24/May/2014:01:28:57 +0000] "GET /taginput.php HTTP/1.1" 200 2063 "-" "Mozilla/5.0 (Windows NT 6.3; WOW64; rv:29.0) Gecko/20100101 Firefox/29.0"
173.164.181.229 - - [24/May/2014:01:29:13 +0000] "POST /tagprocess.php HTTP/1.1" 200 194 "http://wikipediaviews.subwiki.org/taginput.php" "Mozilla/5.0 (Windows NT 6.3; WOW64; rv:29.0) Gecko/20100101 Firefox/29.0"
74.86.158.106 - - [24/May/2014:01:32:16 +0000] "HEAD / HTTP/1.1" 200 0 "-" "Mozilla/5.0+(compatible; UptimeRobot/2.0; http://www.uptimerobot.com/)"
173.164.181.229 - - [24/May/2014:01:32:17 +0000] "GET /multiplemonths.php HTTP/1.1" 200 3756 "http://wikipediaviews.subwiki.org/taginput.php" "Mozilla/5.0 (Windows NT 6.3; WOW64; rv:29.0) Gecko/20100101 Firefox/29.0"
173.164.181.229 - - [24/May/2014:01:32:40 +0000] "POST /displayviewsformultiplemonths.php HTTP/1.1" 200 3599 "http://wikipediaviews.subwiki.org/multiplemonths.php" "Mozilla/5.0 (Windows NT 6.3; WOW64; rv:29.0) Gecko/20100101 Firefox/29.0"
173.164.181.229 - - [24/May/2014:01:37:20 +0000] "POST /displayviewsformultiplemonths.php HTTP/1.1" 200 4308 "http://wikipediaviews.subwiki.org/displayviewsformultiplemonths.php" "Mozilla/5.0 (Windows NT 6.3; WOW64; rv:29.0) Gecko/20100101 Firefox/29.0"
74.86.158.106 - - [24/May/2014:02:32:15 +0000] "HEAD / HTTP/1.1" 200 0 "-" "Mozilla/5.0+(compatible; UptimeRobot/2.0; http://www.uptimerobot.com/)"
74.86.158.106 - - [24/May/2014:03:32:15 +0000] "HEAD / HTTP/1.1" 200 0 "-" "Mozilla/5.0+(compatible; UptimeRobot/2.0; http://www.uptimerobot.com/)"
173.164.181.229 - - [24/May/2014:03:50:57 +0000] "GET / HTTP/1.1" 200 3216 "-" "Mozilla/5.0 (Windows NT 6.3; WOW64; rv:29.0) Gecko/20100101 Firefox/29.0"
173.164.181.229 - - [24/May/2014:03:51:09 +0000] "POST /displayviewsforonemonth.php HTTP/1.1" 200 3283 "http://wikipediaviews.subwiki.org/" "Mozilla/5.0 (Windows NT 6.3; WOW64; rv:29.0) Gecko/20100101 Firefox/29.0"
173.164.181.229 - - [24/May/2014:04:00:12 +0000] "GET /multipleyears.php HTTP/1.1" 200 2766 "http://wikipediaviews.subwiki.org/displayviewsforonemonth.php" "Mozilla/5.0 (Windows NT 6.3; WOW64; rv:29.0) Gecko/20100101 Firefox/29.0"
173.164.181.229 - - [24/May/2014:04:00:25 +0000] "POST /displayviewsformultipleyears.php HTTP/1.1" 200 3097 "http://wikipediaviews.subwiki.org/multipleyears.php" "Mozilla/5.0 (Windows NT 6.3; WOW64; rv:29.0) Gecko/20100101 Firefox/29.0"
173.164.181.229 - - [24/May/2014:04:00:38 +0000] "POST /displayviewsformultipleyears.php HTTP/1.1" 200 3182 "http://wikipediaviews.subwiki.org/displayviewsformultipleyears.php" "Mozilla/5.0 (Windows NT 6.3; WOW64; rv:29.0) Gecko/20100101 Firefox/29.0"
173.164.181.229 - - [24/May/2014:04:01:07 +0000] "POST /displayviewsformultipleyears.php HTTP/1.1" 200 3350 "http://wikipediaviews.subwiki.org/displayviewsformultipleyears.php" "Mozilla/5.0 (Windows NT 6.3; WOW64; rv:29.0) Gecko/20100101 Firefox/29.0"
74.86.158.106 - - [24/May/2014:04:32:15 +0000] "HEAD / HTTP/1.1" 200 0 "-" "Mozilla/5.0+(compatible; UptimeRobot/2.0; http://www.uptimerobot.com/)"
74.86.158.106 - - [24/May/2014:05:32:15 +0000] "HEAD / HTTP/1.1" 200 0 "-" "Mozilla/5.0+(compatible; UptimeRobot/2.0; http://www.uptimerobot.com/)"
142.254.1.233 - - [24/May/2014:06:15:46 +0000] "GET / HTTP/1.1" 200 3216 "-" "Mozilla/5.0 (Windows NT 6.3; WOW64; rv:29.0) Gecko/20100101 Firefox/29.0"
142.254.1.233 - - [24/May/2014:06:15:53 +0000] "POST /displayviewsforonemonth.php HTTP/1.1" 200 3371 "http://wikipediaviews.subwiki.org/" "Mozilla/5.0 (Windows NT 6.3; WOW64; rv:29.0) Gecko/20100101 Firefox/29.0"
142.254.1.233 - - [24/May/2014:06:16:00 +0000] "GET /multipleyears.php HTTP/1.1" 200 2766 "http://wikipediaviews.subwiki.org/displayviewsforonemonth.php" "Mozilla/5.0 (Windows NT 6.3; WOW64; rv:29.0) Gecko/20100101 Firefox/29.0"
142.254.1.233 - - [24/May/2014:06:16:10 +0000] "POST /displayviewsformultipleyears.php HTTP/1.1" 200 16821 "http://wikipediaviews.subwiki.org/multipleyears.php" "Mozilla/5.0 (Windows NT 6.3; WOW64; rv:29.0) Gecko/20100101 Firefox/29.0"
74.86.158.106 - - [24/May/2014:06:32:15 +0000] "HEAD / HTTP/1.1" 200 0 "-" "Mozilla/5.0+(compatible; UptimeRobot/2.0; http://www.uptimerobot.com/)"
31.13.99.118 - - [24/May/2014:06:54:57 +0000] "GET /multiplemonths.php?fb_locale=sv_SE HTTP/1.1" 200 3756 "-" "facebookexternalhit/1.1 (+http://www.facebook.com/externalhit_uatext.php)"
74.86.158.106 - - [24/May/2014:07:32:15 +0000] "HEAD / HTTP/1.1" 200 0 "-" "Mozilla/5.0+(compatible; UptimeRobot/2.0; http://www.uptimerobot.com/)"
54.80.200.163 - - [24/May/2014:08:07:46 +0000] "GET /robots.txt HTTP/1.1" 200 3216 "-" "Mozilla/5.0 (Macintosh; Intel Mac OS X 10.9; rv:28.0) Gecko/20100101 Firefox/28.0 (FlipboardProxy/1.1; +http://flipboard.com/browserproxy)"
54.80.200.163 - - [24/May/2014:08:07:46 +0000] "GET /multipleyears.php HTTP/1.1" 200 2766 "-" "Mozilla/5.0 (Macintosh; Intel Mac OS X 10.9; rv:28.0) Gecko/20100101 Firefox/28.0 (FlipboardProxy/1.1; +http://flipboard.com/browserproxy)"
74.86.158.106 - - [24/May/2014:08:32:15 +0000] "HEAD / HTTP/1.1" 200 0 "-" "Mozilla/5.0+(compatible; UptimeRobot/2.0; http://www.uptimerobot.com/)"
74.86.158.106 - - [24/May/2014:09:32:15 +0000] "HEAD / HTTP/1.1" 200 0 "-" "Mozilla/5.0+(compatible; UptimeRobot/2.0; http://www.uptimerobot.com/)"
74.86.158.106 - - [24/May/2014:10:32:15 +0000] "HEAD / HTTP/1.1" 200 0 "-" "Mozilla/5.0+(compatible; UptimeRobot/2.0; http://www.uptimerobot.com/)"
74.86.158.106 - - [24/May/2014:11:32:15 +0000] "HEAD / HTTP/1.1" 200 0 "-" "Mozilla/5.0+(compatible; UptimeRobot/2.0; http://www.uptimerobot.com/)"
74.86.158.106 - - [24/May/2014:12:28:04 +0000] "HEAD / HTTP/1.1" 200 0 "-" "Mozilla/5.0+(compatible; UptimeRobot/2.0; http://www.uptimerobot.com/)"
74.86.158.106 - - [24/May/2014:13:28:04 +0000] "HEAD / HTTP/1.1" 200 0 "-" "Mozilla/5.0+(compatible; UptimeRobot/2.0; http://www.uptimerobot.com/)"
74.86.158.106 - - [24/May/2014:14:28:04 +0000] "HEAD / HTTP/1.1" 200 0 "-" "Mozilla/5.0+(compatible; UptimeRobot/2.0; http://www.uptimerobot.com/)"
142.254.1.233 - - [24/May/2014:15:13:18 +0000] "GET / HTTP/1.1" 200 3216 "-" "Mozilla/5.0 (Windows NT 6.3; WOW64; rv:29.0) Gecko/20100101 Firefox/29.0"
142.254.1.233 - - [24/May/2014:15:13:26 +0000] "POST /displayviewsforonemonth.php HTTP/1.1" 200 7696 "http://wikipediaviews.subwiki.org/" "Mozilla/5.0 (Windows NT 6.3; WOW64; rv:29.0) Gecko/20100101 Firefox/29.0"
74.86.158.106 - - [24/May/2014:15:28:04 +0000] "HEAD / HTTP/1.1" 200 0 "-" "Mozilla/5.0+(compatible; UptimeRobot/2.0; http://www.uptimerobot.com/)"
74.86.158.106 - - [24/May/2014:16:28:04 +0000] "HEAD / HTTP/1.1" 200 0 "-" "Mozilla/5.0+(compatible; UptimeRobot/2.0; http://www.uptimerobot.com/)"
74.86.158.106 - - [24/May/2014:17:28:04 +0000] "HEAD / HTTP/1.1" 200 0 "-" "Mozilla/5.0+(compatible; UptimeRobot/2.0; http://www.uptimerobot.com/)"
74.86.158.106 - - [24/May/2014:18:28:04 +0000] "HEAD / HTTP/1.1" 200 0 "-" "Mozilla/5.0+(compatible; UptimeRobot/2.0; http://www.uptimerobot.com/)"
74.86.158.106 - - [24/May/2014:19:28:04 +0000] "HEAD / HTTP/1.1" 200 0 "-" "Mozilla/5.0+(compatible; UptimeRobot/2.0; http://www.uptimerobot.com/)"
142.254.1.233 - - [24/May/2014:20:39:49 +0000] "GET / HTTP/1.1" 200 3216 "-" "Mozilla/5.0 (Windows NT 6.3; WOW64; rv:29.0) Gecko/20100101 Firefox/29.0"
142.254.1.233 - - [24/May/2014:20:40:13 +0000] "GET /multipleyears.php HTTP/1.1" 200 2766 "http://wikipediaviews.subwiki.org/" "Mozilla/5.0 (Windows NT 6.3; WOW64; rv:29.0) Gecko/20100101 Firefox/29.0"
142.254.1.233 - - [24/May/2014:20:41:07 +0000] "POST /displayviewsformultipleyears.php HTTP/1.1" 200 2918 "http://wikipediaviews.subwiki.org/multipleyears.php" "Mozilla/5.0 (Windows NT 6.3; WOW64; rv:29.0) Gecko/20100101 Firefox/29.0"
74.86.158.106 - - [24/May/2014:20:41:50 +0000] "HEAD / HTTP/1.1" 200 0 "-" "Mozilla/5.0+(compatible; UptimeRobot/2.0; http://www.uptimerobot.com/)"
142.254.1.233 - - [24/May/2014:20:41:54 +0000] "POST /displayviewsformultipleyears.php HTTP/1.1" 200 2911 "http://wikipediaviews.subwiki.org/displayviewsformultipleyears.php" "Mozilla/5.0 (Windows NT 6.3; WOW64; rv:29.0) Gecko/20100101 Firefox/29.0"
142.254.1.233 - - [24/May/2014:20:42:18 +0000] "GET / HTTP/1.1" 200 3216 "http://wikipediaviews.subwiki.org/displayviewsformultipleyears.php" "Mozilla/5.0 (Windows NT 6.3; WOW64; rv:29.0) Gecko/20100101 Firefox/29.0"
142.254.1.233 - - [24/May/2014:20:42:25 +0000] "POST /displayviewsforonemonth.php HTTP/1.1" 200 3371 "http://wikipediaviews.subwiki.org/" "Mozilla/5.0 (Windows NT 6.3; WOW64; rv:29.0) Gecko/20100101 Firefox/29.0"
142.254.1.233 - - [24/May/2014:20:42:34 +0000] "GET /multiplemonths.php HTTP/1.1" 200 3756 "http://wikipediaviews.subwiki.org/" "Mozilla/5.0 (Windows NT 6.3; WOW64; rv:29.0) Gecko/20100101 Firefox/29.0"
142.254.1.233 - - [24/May/2014:20:42:44 +0000] "POST /displayviewsformultiplemonths.php HTTP/1.1" 200 151984 "http://wikipediaviews.subwiki.org/multiplemonths.php" "Mozilla/5.0 (Windows NT 6.3; WOW64; rv:29.0) Gecko/20100101 Firefox/29.0"
74.86.158.106 - - [24/May/2014:21:41:50 +0000] "HEAD / HTTP/1.1" 200 0 "-" "Mozilla/5.0+(compatible; UptimeRobot/2.0; http://www.uptimerobot.com/)"
142.254.1.233 - - [24/May/2014:22:23:30 +0000] "GET / HTTP/1.1" 200 3216 "-" "Mozilla/5.0 (Windows NT 6.3; WOW64; rv:29.0) Gecko/20100101 Firefox/29.0"
142.254.1.233 - - [24/May/2014:22:23:32 +0000] "GET /multipleyears.php HTTP/1.1" 200 2766 "http://wikipediaviews.subwiki.org/" "Mozilla/5.0 (Windows NT 6.3; WOW64; rv:29.0) Gecko/20100101 Firefox/29.0"
142.254.1.233 - - [24/May/2014:22:23:42 +0000] "POST /displayviewsformultipleyears.php HTTP/1.1" 200 2902 "http://wikipediaviews.subwiki.org/multipleyears.php" "Mozilla/5.0 (Windows NT 6.3; WOW64; rv:29.0) Gecko/20100101 Firefox/29.0"
142.254.1.233 - - [24/May/2014:22:23:56 +0000] "POST /displayviewsformultipleyears.php HTTP/1.1" 499 0 "http://wikipediaviews.subwiki.org/displayviewsformultipleyears.php" "Mozilla/5.0 (Windows NT 6.3; WOW64; rv:29.0) Gecko/20100101 Firefox/29.0"
74.86.158.106 - - [24/May/2014:22:42:41 +0000] "HEAD / HTTP/1.1" 200 0 "-" "Mozilla/5.0+(compatible; UptimeRobot/2.0; http://www.uptimerobot.com/)"
157.55.39.2 - - [24/May/2014:23:05:17 +0000] "GET /robots.txt HTTP/1.1" 200 10769 "-" "Mozilla/5.0 (compatible; bingbot/2.0; +http://www.bing.com/bingbot.htm)"
157.55.39.2 - - [24/May/2014:23:05:26 +0000] "GET /multipleyears.php HTTP/1.1" 200 2766 "-" "Mozilla/5.0 (compatible; bingbot/2.0; +http://www.bing.com/bingbot.htm)"
74.86.158.106 - - [24/May/2014:23:42:40 +0000] "HEAD / HTTP/1.1" 200 0 "-" "Mozilla/5.0+(compatible; UptimeRobot/2.0; http://www.uptimerobot.com/)"
142.254.1.233 - - [25/May/2014:00:33:03 +0000] "GET / HTTP/1.1" 200 3216 "-" "Mozilla/5.0 (Windows NT 6.3; WOW64; rv:29.0) Gecko/20100101 Firefox/29.0"
74.86.158.106 - - [25/May/2014:00:42:40 +0000] "HEAD / HTTP/1.1" 200 0 "-" "Mozilla/5.0+(compatible; UptimeRobot/2.0; http://www.uptimerobot.com/)"
74.86.158.106 - - [25/May/2014:01:42:40 +0000] "HEAD / HTTP/1.1" 200 0 "-" "Mozilla/5.0+(compatible; UptimeRobot/2.0; http://www.uptimerobot.com/)"
74.86.158.106 - - [25/May/2014:02:42:40 +0000] "HEAD / HTTP/1.1" 200 0 "-" "Mozilla/5.0+(compatible; UptimeRobot/2.0; http://www.uptimerobot.com/)"
157.55.39.10 - - [25/May/2014:03:38:16 +0000] "GET / HTTP/1.1" 200 3216 "-" "Mozilla/5.0 (compatible; bingbot/2.0; +http://www.bing.com/bingbot.htm)"
157.55.39.10 - - [25/May/2014:03:41:10 +0000] "GET /about HTTP/1.1" 301 184 "-" "Mozilla/5.0 (compatible; bingbot/2.0; +http://www.bing.com/bingbot.htm)"
74.86.158.106 - - [25/May/2014:03:42:40 +0000] "HEAD / HTTP/1.1" 200 0 "-" "Mozilla/5.0+(compatible; UptimeRobot/2.0; http://www.uptimerobot.com/)"
157.55.39.236 - - [25/May/2014:03:56:50 +0000] "GET /multiplemonths.php HTTP/1.1" 200 3756 "-" "Mozilla/5.0 (compatible; bingbot/2.0; +http://www.bing.com/bingbot.htm)"
74.86.158.106 - - [25/May/2014:04:42:41 +0000] "HEAD / HTTP/1.1" 200 0 "-" "Mozilla/5.0+(compatible; UptimeRobot/2.0; http://www.uptimerobot.com/)"
157.55.39.235 - - [25/May/2014:05:12:17 +0000] "GET /multiplemonths.php HTTP/1.1" 200 3756 "-" "Mozilla/5.0 (compatible; bingbot/2.0; +http://www.bing.com/bingbot.htm)"
74.86.158.106 - - [25/May/2014:05:42:41 +0000] "HEAD / HTTP/1.1" 200 0 "-" "Mozilla/5.0+(compatible; UptimeRobot/2.0; http://www.uptimerobot.com/)"
74.86.158.106 - - [25/May/2014:06:42:40 +0000] "HEAD / HTTP/1.1" 200 0 "-" "Mozilla/5.0+(compatible; UptimeRobot/2.0; http://www.uptimerobot.com/)"
74.86.158.106 - - [25/May/2014:07:42:40 +0000] "HEAD / HTTP/1.1" 200 0 "-" "Mozilla/5.0+(compatible; UptimeRobot/2.0; http://www.uptimerobot.com/)"
74.86.158.106 - - [25/May/2014:08:42:40 +0000] "HEAD / HTTP/1.1" 200 0 "-" "Mozilla/5.0+(compatible; UptimeRobot/2.0; http://www.uptimerobot.com/)"
66.220.152.118 - - [25/May/2014:08:49:37 +0000] "GET /multipleyears.php?fb_locale=ko_KR HTTP/1.1" 200 2766 "-" "facebookexternalhit/1.1 (+http://www.facebook.com/externalhit_uatext.php)"
66.220.152.118 - - [25/May/2014:08:49:37 +0000] "GET /multiplemonths.php?fb_locale=ko_KR HTTP/1.1" 200 3756 "-" "facebookexternalhit/1.1 (+http://www.facebook.com/externalhit_uatext.php)"
74.86.158.106 - - [25/May/2014:09:42:40 +0000] "HEAD / HTTP/1.1" 200 0 "-" "Mozilla/5.0+(compatible; UptimeRobot/2.0; http://www.uptimerobot.com/)"
74.86.158.106 - - [25/May/2014:10:42:41 +0000] "HEAD / HTTP/1.1" 200 0 "-" "Mozilla/5.0+(compatible; UptimeRobot/2.0; http://www.uptimerobot.com/)"
74.86.158.106 - - [25/May/2014:11:42:40 +0000] "HEAD / HTTP/1.1" 200 0 "-" "Mozilla/5.0+(compatible; UptimeRobot/2.0; http://www.uptimerobot.com/)"
66.249.73.127 - - [25/May/2014:12:33:49 +0000] "GET /robots.txt HTTP/1.1" 200 3216 "-" "Mozilla/5.0 (compatible; Googlebot/2.1; +http://www.google.com/bot.html)"
74.86.158.106 - - [25/May/2014:12:42:41 +0000] "HEAD / HTTP/1.1" 200 0 "-" "Mozilla/5.0+(compatible; UptimeRobot/2.0; http://www.uptimerobot.com/)"
74.86.158.106 - - [25/May/2014:13:42:41 +0000] "HEAD / HTTP/1.1" 200 0 "-" "Mozilla/5.0+(compatible; UptimeRobot/2.0; http://www.uptimerobot.com/)"
74.86.158.106 - - [25/May/2014:14:42:40 +0000] "HEAD / HTTP/1.1" 200 0 "-" "Mozilla/5.0+(compatible; UptimeRobot/2.0; http://www.uptimerobot.com/)"
142.254.1.233 - - [25/May/2014:14:44:22 +0000] "GET / HTTP/1.1" 200 3216 "-" "Mozilla/5.0 (Windows NT 6.3; WOW64; rv:29.0) Gecko/20100101 Firefox/29.0"
142.254.1.233 - - [25/May/2014:14:44:28 +0000] "POST /displayviewsforonemonth.php HTTP/1.1" 200 7478 "http://wikipediaviews.subwiki.org/" "Mozilla/5.0 (Windows NT 6.3; WOW64; rv:29.0) Gecko/20100101 Firefox/29.0"
142.254.1.233 - - [25/May/2014:14:45:05 +0000] "GET /taginput.php HTTP/1.1" 200 2063 "-" "Mozilla/5.0 (Windows NT 6.3; WOW64; rv:29.0) Gecko/20100101 Firefox/29.0"
142.254.1.233 - - [25/May/2014:14:45:14 +0000] "POST /tagprocess.php HTTP/1.1" 200 194 "http://wikipediaviews.subwiki.org/taginput.php" "Mozilla/5.0 (Windows NT 6.3; WOW64; rv:29.0) Gecko/20100101 Firefox/29.0"
142.254.1.233 - - [25/May/2014:14:45:21 +0000] "GET / HTTP/1.1" 200 3216 "http://wikipediaviews.subwiki.org/taginput.php" "Mozilla/5.0 (Windows NT 6.3; WOW64; rv:29.0) Gecko/20100101 Firefox/29.0"
142.254.1.233 - - [25/May/2014:14:45:50 +0000] "POST /displayviewsforonemonth.php HTTP/1.1" 200 3355 "http://wikipediaviews.subwiki.org/" "Mozilla/5.0 (Windows NT 6.3; WOW64; rv:29.0) Gecko/20100101 Firefox/29.0"
74.86.158.106 - - [25/May/2014:15:42:41 +0000] "HEAD / HTTP/1.1" 200 0 "-" "Mozilla/5.0+(compatible; UptimeRobot/2.0; http://www.uptimerobot.com/)"
142.254.1.233 - - [25/May/2014:15:56:17 +0000] "GET / HTTP/1.1" 200 3216 "-" "Mozilla/5.0 (Windows NT 6.3; WOW64; rv:29.0) Gecko/20100101 Firefox/29.0"
142.254.1.233 - - [25/May/2014:15:56:24 +0000] "GET /multipleyears.php HTTP/1.1" 200 2766 "http://wikipediaviews.subwiki.org/" "Mozilla/5.0 (Windows NT 6.3; WOW64; rv:29.0) Gecko/20100101 Firefox/29.0"
142.254.1.233 - - [25/May/2014:15:56:33 +0000] "POST /displayviewsformultipleyears.php HTTP/1.1" 200 9612 "http://wikipediaviews.subwiki.org/multipleyears.php" "Mozilla/5.0 (Windows NT 6.3; WOW64; rv:29.0) Gecko/20100101 Firefox/29.0"
74.86.158.106 - - [25/May/2014:16:42:41 +0000] "HEAD / HTTP/1.1" 200 0 "-" "Mozilla/5.0+(compatible; UptimeRobot/2.0; http://www.uptimerobot.com/)"
74.86.158.106 - - [25/May/2014:17:42:41 +0000] "HEAD / HTTP/1.1" 200 0 "-" "Mozilla/5.0+(compatible; UptimeRobot/2.0; http://www.uptimerobot.com/)"
142.254.1.233 - - [25/May/2014:17:53:06 +0000] "GET /taginput.php HTTP/1.1" 200 2063 "-" "Mozilla/5.0 (Windows NT 6.3; WOW64; rv:29.0) Gecko/20100101 Firefox/29.0"
142.254.1.233 - - [25/May/2014:17:53:21 +0000] "POST /tagprocess.php HTTP/1.1" 200 194 "http://wikipediaviews.subwiki.org/taginput.php" "Mozilla/5.0 (Windows NT 6.3; WOW64; rv:29.0) Gecko/20100101 Firefox/29.0"
142.254.1.233 - - [25/May/2014:17:53:24 +0000] "GET /multipleyears.php HTTP/1.1" 200 2766 "http://wikipediaviews.subwiki.org/taginput.php" "Mozilla/5.0 (Windows NT 6.3; WOW64; rv:29.0) Gecko/20100101 Firefox/29.0"
74.86.158.106 - - [25/May/2014:18:42:41 +0000] "HEAD / HTTP/1.1" 200 0 "-" "Mozilla/5.0+(compatible; UptimeRobot/2.0; http://www.uptimerobot.com/)"
74.86.158.106 - - [25/May/2014:19:42:41 +0000] "HEAD / HTTP/1.1" 200 0 "-" "Mozilla/5.0+(compatible; UptimeRobot/2.0; http://www.uptimerobot.com/)"
74.86.158.106 - - [25/May/2014:20:42:41 +0000] "HEAD / HTTP/1.1" 200 0 "-" "Mozilla/5.0+(compatible; UptimeRobot/2.0; http://www.uptimerobot.com/)"
74.86.158.106 - - [25/May/2014:21:42:41 +0000] "HEAD / HTTP/1.1" 200 0 "-" "Mozilla/5.0+(compatible; UptimeRobot/2.0; http://www.uptimerobot.com/)"
74.86.158.106 - - [25/May/2014:22:42:41 +0000] "HEAD / HTTP/1.1" 200 0 "-" "Mozilla/5.0+(compatible; UptimeRobot/2.0; http://www.uptimerobot.com/)"
142.254.1.233 - - [25/May/2014:23:09:56 +0000] "GET / HTTP/1.1" 200 3216 "-" "Mozilla/5.0 (Windows NT 6.3; WOW64; rv:29.0) Gecko/20100101 Firefox/29.0"
142.254.1.233 - - [25/May/2014:23:10:05 +0000] "GET /multipleyears.php HTTP/1.1" 200 2766 "http://wikipediaviews.subwiki.org/" "Mozilla/5.0 (Windows NT 6.3; WOW64; rv:29.0) Gecko/20100101 Firefox/29.0"
142.254.1.233 - - [25/May/2014:23:10:09 +0000] "POST /displayviewsformultipleyears.php HTTP/1.1" 200 2917 "http://wikipediaviews.subwiki.org/multipleyears.php" "Mozilla/5.0 (Windows NT 6.3; WOW64; rv:29.0) Gecko/20100101 Firefox/29.0"
142.254.1.233 - - [25/May/2014:23:10:32 +0000] "POST /displayviewsformultipleyears.php HTTP/1.1" 200 3105 "http://wikipediaviews.subwiki.org/displayviewsformultipleyears.php" "Mozilla/5.0 (Windows NT 6.3; WOW64; rv:29.0) Gecko/20100101 Firefox/29.0"
74.86.158.106 - - [25/May/2014:23:42:41 +0000] "HEAD / HTTP/1.1" 200 0 "-" "Mozilla/5.0+(compatible; UptimeRobot/2.0; http://www.uptimerobot.com/)"
142.254.1.233 - - [26/May/2014:00:01:03 +0000] "GET / HTTP/1.1" 200 3216 "-" "Mozilla/5.0 (Windows NT 6.3; WOW64; rv:29.0) Gecko/20100101 Firefox/29.0"
173.65.178.113 - - [26/May/2014:00:02:57 +0000] "GET / HTTP/1.1" 200 3216 "-" "Mozilla/5.0 (Windows NT 6.3; WOW64; rv:29.0) Gecko/20100101 Firefox/29.0"
69.171.247.119 - - [26/May/2014:00:02:57 +0000] "GET / HTTP/1.1" 200 3216 "-" "facebookexternalhit/1.1 (+http://www.facebook.com/externalhit_uatext.php)"
74.86.158.106 - - [26/May/2014:00:42:41 +0000] "HEAD / HTTP/1.1" 200 0 "-" "Mozilla/5.0+(compatible; UptimeRobot/2.0; http://www.uptimerobot.com/)"
74.86.158.106 - - [26/May/2014:01:42:41 +0000] "HEAD / HTTP/1.1" 200 0 "-" "Mozilla/5.0+(compatible; UptimeRobot/2.0; http://www.uptimerobot.com/)"
74.86.158.106 - - [26/May/2014:02:42:41 +0000] "HEAD / HTTP/1.1" 200 0 "-" "Mozilla/5.0+(compatible; UptimeRobot/2.0; http://www.uptimerobot.com/)"
74.86.158.106 - - [26/May/2014:03:42:41 +0000] "HEAD / HTTP/1.1" 200 0 "-" "Mozilla/5.0+(compatible; UptimeRobot/2.0; http://www.uptimerobot.com/)"
74.86.158.106 - - [26/May/2014:04:42:41 +0000] "HEAD / HTTP/1.1" 200 0 "-" "Mozilla/5.0+(compatible; UptimeRobot/2.0; http://www.uptimerobot.com/)"
74.86.158.106 - - [26/May/2014:05:42:41 +0000] "HEAD / HTTP/1.1" 200 0 "-" "Mozilla/5.0+(compatible; UptimeRobot/2.0; http://www.uptimerobot.com/)"
74.86.158.106 - - [26/May/2014:06:42:41 +0000] "HEAD / HTTP/1.1" 200 0 "-" "Mozilla/5.0+(compatible; UptimeRobot/2.0; http://www.uptimerobot.com/)"
74.86.158.106 - - [26/May/2014:07:42:41 +0000] "HEAD / HTTP/1.1" 200 0 "-" "Mozilla/5.0+(compatible; UptimeRobot/2.0; http://www.uptimerobot.com/)"
74.86.158.106 - - [26/May/2014:08:42:41 +0000] "HEAD / HTTP/1.1" 200 0 "-" "Mozilla/5.0+(compatible; UptimeRobot/2.0; http://www.uptimerobot.com/)"
74.86.158.106 - - [26/May/2014:09:42:41 +0000] "HEAD / HTTP/1.1" 200 0 "-" "Mozilla/5.0+(compatible; UptimeRobot/2.0; http://www.uptimerobot.com/)"
74.86.158.106 - - [26/May/2014:10:42:41 +0000] "HEAD / HTTP/1.1" 200 0 "-" "Mozilla/5.0+(compatible; UptimeRobot/2.0; http://www.uptimerobot.com/)"
74.86.158.106 - - [26/May/2014:11:05:18 +0000] "HEAD / HTTP/1.1" 200 0 "-" "Mozilla/5.0+(compatible; UptimeRobot/2.0; http://www.uptimerobot.com/)"
74.86.158.106 - - [26/May/2014:12:05:18 +0000] "HEAD / HTTP/1.1" 200 0 "-" "Mozilla/5.0+(compatible; UptimeRobot/2.0; http://www.uptimerobot.com/)"
74.86.158.106 - - [26/May/2014:13:05:18 +0000] "HEAD / HTTP/1.1" 200 0 "-" "Mozilla/5.0+(compatible; UptimeRobot/2.0; http://www.uptimerobot.com/)"
74.86.158.106 - - [26/May/2014:14:05:18 +0000] "HEAD / HTTP/1.1" 200 0 "-" "Mozilla/5.0+(compatible; UptimeRobot/2.0; http://www.uptimerobot.com/)"
74.86.158.106 - - [26/May/2014:14:32:30 +0000] "HEAD / HTTP/1.1" 200 0 "-" "Mozilla/5.0+(compatible; UptimeRobot/2.0; http://www.uptimerobot.com/)"
74.86.158.106 - - [26/May/2014:15:32:30 +0000] "HEAD / HTTP/1.1" 200 0 "-" "Mozilla/5.0+(compatible; UptimeRobot/2.0; http://www.uptimerobot.com/)"
74.86.158.106 - - [26/May/2014:16:32:30 +0000] "HEAD / HTTP/1.1" 200 0 "-" "Mozilla/5.0+(compatible; UptimeRobot/2.0; http://www.uptimerobot.com/)"
74.86.158.106 - - [26/May/2014:17:32:30 +0000] "HEAD / HTTP/1.1" 200 0 "-" "Mozilla/5.0+(compatible; UptimeRobot/2.0; http://www.uptimerobot.com/)"
74.86.158.106 - - [26/May/2014:18:32:30 +0000] "HEAD / HTTP/1.1" 200 0 "-" "Mozilla/5.0+(compatible; UptimeRobot/2.0; http://www.uptimerobot.com/)"
74.86.158.106 - - [26/May/2014:19:32:30 +0000] "HEAD / HTTP/1.1" 200 0 "-" "Mozilla/5.0+(compatible; UptimeRobot/2.0; http://www.uptimerobot.com/)"
